Component: ARM Compiler 5.06 update 7 (build 960) Tool: armlink [4d3601]

==============================================================================

Section Cross References

    startup_stm32f030.o(RESET) refers to startup_stm32f030.o(STACK) for __initial_sp
    startup_stm32f030.o(RESET) refers to startup_stm32f030.o(.text) for Reset_Handler
    startup_stm32f030.o(RESET) refers to stm32f0xx_it.o(i.NMI_Handler) for NMI_Handler
    startup_stm32f030.o(RESET) refers to stm32f0xx_it.o(i.HardFault_Handler) for HardFault_Handler
    startup_stm32f030.o(RESET) refers to stm32f0xx_it.o(i.SVC_Handler) for SVC_Handler
    startup_stm32f030.o(RESET) refers to stm32f0xx_it.o(i.PendSV_Handler) for PendSV_Handler
    startup_stm32f030.o(RESET) refers to stm32f0xx_it.o(i.SysTick_Handler) for SysTick_Handler
    startup_stm32f030.o(RESET) refers to stm32f0xx_it.o(i.EXTI0_1_IRQHandler) for EXTI0_1_IRQHandler
    startup_stm32f030.o(RESET) refers to stm32f0xx_it.o(i.ADC1_IRQHandler) for ADC1_IRQHandler
    startup_stm32f030.o(RESET) refers to stm32f0xx_it.o(i.TIM14_IRQHandler) for TIM14_IRQHandler
    startup_stm32f030.o(RESET) refers to stm32f0xx_it.o(i.SPI2_IRQHandler) for SPI2_IRQHandler
    startup_stm32f030.o(RESET) refers to stm32f0xx_it.o(i.USART1_IRQHandler) for USART1_IRQHandler
    startup_stm32f030.o(.text) refers to startup_stm32f030.o(STACK) for __initial_sp
    startup_stm32f030.o(.text) refers to system_stm32f0xx.o(i.SystemInit) for SystemInit
    startup_stm32f030.o(.text) refers to entry.o(.ARM.Collect$$$$00000000) for __main
    system_stm32f0xx.o(i.SystemCoreClockUpdate) refers to uidiv.o(.text) for __aeabi_uidivmod
    system_stm32f0xx.o(i.SystemCoreClockUpdate) refers to system_stm32f0xx.o(.data) for .data
    system_stm32f0xx.o(i.SystemInit) refers to system_stm32f0xx.o(i.SetSysClock) for SetSysClock
    crc.o(i.RadioComputeCRC) refers to crc.o(i.ComputeCrc) for ComputeCrc
    fifo.o(i.FifoNext) refers to uidiv.o(.text) for __aeabi_uidivmod
    fifo.o(i.FifoPop) refers to fifo.o(i.FifoNext) for FifoNext
    fifo.o(i.FifoPush) refers to fifo.o(i.FifoNext) for FifoNext
    fifo.o(i.IsFifoFull) refers to fifo.o(i.FifoNext) for FifoNext
    radio.o(i.RadioDriverInit) refers to sx1276.o(i.SX1276Init) for SX1276Init
    radio.o(i.RadioDriverInit) refers to radio.o(.bss) for .bss
    radio.o(i.RadioDriverInit) refers to sx1276.o(i.SX1276Reset) for SX1276Reset
    radio.o(i.RadioDriverInit) refers to sx1276.o(i.SX1276StartRx) for SX1276StartRx
    radio.o(i.RadioDriverInit) refers to sx1276.o(i.SX1276StartTx) for SX1276StartTx
    radio.o(i.RadioDriverInit) refers to sx1276.o(i.SX1276GetRxPacket) for SX1276GetRxPacket
    radio.o(i.RadioDriverInit) refers to sx1276.o(i.SX1276SetTxPacket) for SX1276SetTxPacket
    radio.o(i.RadioDriverInit) refers to sx1276.o(i.SX1276Process) for SX1276Process
    sx1276.o(i.EnterRxTestMode) refers to sx1276-fsk.o(i.SX1276FskSetOpMode) for SX1276FskSetOpMode
    sx1276.o(i.EnterRxTestMode) refers to sx1276-hal.o(i.SX1276Read) for SX1276Read
    sx1276.o(i.EnterRxTestMode) refers to sx1276-hal.o(i.SX1276Write) for SX1276Write
    sx1276.o(i.EnterRxTestMode) refers to sx1276-hal.o(i.SX1276WriteBuffer) for SX1276WriteBuffer
    sx1276.o(i.EnterRxTestMode) refers to sx1276-fsk.o(.data) for SX1276
    sx1276.o(i.EnterTestMode) refers to sx1276-fskmisc.o(i.SX1276FskSetRFFrequency) for SX1276FskSetRFFrequency
    sx1276.o(i.EnterTestMode) refers to sx1276-fskmisc.o(i.SX1276FskSetFdev) for SX1276FskSetFdev
    sx1276.o(i.EnterTestMode) refers to sx1276-fskmisc.o(i.SX1276FskSetPAOutput) for SX1276FskSetPAOutput
    sx1276.o(i.EnterTestMode) refers to sx1276-fskmisc.o(i.SX1276FskSetPa20dBm) for SX1276FskSetPa20dBm
    sx1276.o(i.EnterTestMode) refers to sx1276-fskmisc.o(i.SX1276FskSetRFPower) for SX1276FskSetRFPower
    sx1276.o(i.EnterTestMode) refers to sx1276-fsk.o(i.SX1276FskSetOpMode) for SX1276FskSetOpMode
    sx1276.o(i.EnterTestMode) refers to sx1276-fsk.o(.data) for FskSettings
    sx1276.o(i.SX1276GetLoRaOn) refers to sx1276.o(.data) for .data
    sx1276.o(i.SX1276GetOpMode) refers to sx1276-lora.o(i.SX1276LoRaGetOpMode) for SX1276LoRaGetOpMode
    sx1276.o(i.SX1276GetOpMode) refers to sx1276-fsk.o(i.SX1276FskGetOpMode) for SX1276FskGetOpMode
    sx1276.o(i.SX1276GetOpMode) refers to sx1276.o(.data) for .data
    sx1276.o(i.SX1276GetPacketAfc) refers to sx1276-fsk.o(i.SX1276FskGetPacketAfc) for SX1276FskGetPacketAfc
    sx1276.o(i.SX1276GetPacketAfc) refers to sx1276.o(.data) for .data
    sx1276.o(i.SX1276GetPacketRssi) refers to sx1276-lora.o(i.SX1276LoRaGetPacketRssi) for SX1276LoRaGetPacketRssi
    sx1276.o(i.SX1276GetPacketRssi) refers to sx1276-fsk.o(i.SX1276FskGetPacketRssi) for SX1276FskGetPacketRssi
    sx1276.o(i.SX1276GetPacketRssi) refers to sx1276.o(.data) for .data
    sx1276.o(i.SX1276GetPacketRxGain) refers to sx1276-lora.o(i.SX1276LoRaGetPacketRxGain) for SX1276LoRaGetPacketRxGain
[...]
    Removing stm32f0xx_rtc.o(i.RTC_ClearITPendingBit), (28 bytes).
    Removing stm32f0xx_rtc.o(i.RTC_DateStructInit), (14 bytes).
    Removing stm32f0xx_rtc.o(i.RTC_DayLightSavingConfig), (40 bytes).
    Removing stm32f0xx_rtc.o(i.RTC_DeInit), (92 bytes).
    Removing stm32f0xx_rtc.o(i.RTC_EnterInitMode), (68 bytes).
    Removing stm32f0xx_rtc.o(i.RTC_ExitInitMode), (16 bytes).
    Removing stm32f0xx_rtc.o(i.RTC_GetAlarm), (100 bytes).
    Removing stm32f0xx_rtc.o(i.RTC_GetAlarmSubSecond), (16 bytes).
    Removing stm32f0xx_rtc.o(i.RTC_GetDate), (76 bytes).
    Removing stm32f0xx_rtc.o(i.RTC_GetFlagStatus), (28 bytes).
    Removing stm32f0xx_rtc.o(i.RTC_GetITStatus), (60 bytes).
    Removing stm32f0xx_rtc.o(i.RTC_GetStoreOperation), (16 bytes).
    Removing stm32f0xx_rtc.o(i.RTC_GetSubSecond), (12 bytes).
    Removing stm32f0xx_rtc.o(i.RTC_GetTime), (76 bytes).
    Removing stm32f0xx_rtc.o(i.RTC_GetTimeStamp), (132 bytes).
    Removing stm32f0xx_rtc.o(i.RTC_GetTimeStampSubSecond), (12 bytes).
    Removing stm32f0xx_rtc.o(i.RTC_GetWakeUpCounter), (12 bytes).
    Removing stm32f0xx_rtc.o(i.RTC_ITConfig), (64 bytes).
    Removing stm32f0xx_rtc.o(i.RTC_Init), (72 bytes).
    Removing stm32f0xx_rtc.o(i.RTC_OutputConfig), (40 bytes).
    Removing stm32f0xx_rtc.o(i.RTC_OutputTypeConfig), (24 bytes).
    Removing stm32f0xx_rtc.o(i.RTC_ReadBackupRegister), (20 bytes).
    Removing stm32f0xx_rtc.o(i.RTC_RefClockCmd), (64 bytes).
    Removing stm32f0xx_rtc.o(i.RTC_SetAlarm), (172 bytes).
    Removing stm32f0xx_rtc.o(i.RTC_SetDate), (164 bytes).
    Removing stm32f0xx_rtc.o(i.RTC_SetTime), (164 bytes).
    Removing stm32f0xx_rtc.o(i.RTC_SetWakeUpCounter), (24 bytes).
    Removing stm32f0xx_rtc.o(i.RTC_SmoothCalibConfig), (64 bytes).
    Removing stm32f0xx_rtc.o(i.RTC_StructInit), (14 bytes).
    Removing stm32f0xx_rtc.o(i.RTC_SynchroShiftConfig), (84 bytes).
    Removing stm32f0xx_rtc.o(i.RTC_TamperCmd), (28 bytes).
    Removing stm32f0xx_rtc.o(i.RTC_TamperFilterConfig), (24 bytes).
    Removing stm32f0xx_rtc.o(i.RTC_TamperPinsPrechargeDuration), (24 bytes).
    Removing stm32f0xx_rtc.o(i.RTC_TamperPullUpCmd), (28 bytes).
    Removing stm32f0xx_rtc.o(i.RTC_TamperSamplingFreqConfig), (24 bytes).
    Removing stm32f0xx_rtc.o(i.RTC_TamperTriggerConfig), (28 bytes).
    Removing stm32f0xx_rtc.o(i.RTC_TimeStampCmd), (48 bytes).
    Removing stm32f0xx_rtc.o(i.RTC_TimeStampOnTamperDetectionCmd), (28 bytes).
    Removing stm32f0xx_rtc.o(i.RTC_TimeStructInit), (12 bytes).
    Removing stm32f0xx_rtc.o(i.RTC_WaitForSynchro), (80 bytes).
    Removing stm32f0xx_rtc.o(i.RTC_WakeUpClockConfig), (36 bytes).
    Removing stm32f0xx_rtc.o(i.RTC_WakeUpCmd), (84 bytes).
    Removing stm32f0xx_rtc.o(i.RTC_WriteBackupRegister), (20 bytes).
    Removing stm32f0xx_rtc.o(i.RTC_WriteProtectionCmd), (28 bytes).
    Removing stm32f0xx_spi.o(.rev16_text), (4 bytes).
    Removing stm32f0xx_spi.o(.revsh_text), (4 bytes).
    Removing stm32f0xx_spi.o(i.I2S_Cmd), (32 bytes).
    Removing stm32f0xx_spi.o(i.I2S_Init), (168 bytes).
    Removing stm32f0xx_spi.o(i.I2S_StructInit), (18 bytes).
    Removing stm32f0xx_spi.o(i.SPI_BiDirectionalLineConfig), (32 bytes).
    Removing stm32f0xx_spi.o(i.SPI_CRCLengthConfig), (20 bytes).
    Removing stm32f0xx_spi.o(i.SPI_CalculateCRC), (32 bytes).
    Removing stm32f0xx_spi.o(i.SPI_DataSizeConfig), (16 bytes).
    Removing stm32f0xx_spi.o(i.SPI_GetCRC), (12 bytes).
    Removing stm32f0xx_spi.o(i.SPI_GetCRCPolynomial), (4 bytes).
    Removing stm32f0xx_spi.o(i.SPI_GetReceptionFIFOStatus), (10 bytes).
    Removing stm32f0xx_spi.o(i.SPI_GetTransmissionFIFOStatus), (10 bytes).
    Removing stm32f0xx_spi.o(i.SPI_I2S_ClearFlag), (6 bytes).
    Removing stm32f0xx_spi.o(i.SPI_I2S_DMACmd), (20 bytes).
    Removing stm32f0xx_spi.o(i.SPI_I2S_DeInit), (64 bytes).
    Removing stm32f0xx_spi.o(i.SPI_I2S_GetITStatus), (42 bytes).
    Removing stm32f0xx_spi.o(i.SPI_I2S_ITConfig), (28 bytes).
    Removing stm32f0xx_spi.o(i.SPI_I2S_ReceiveData16), (4 bytes).
    Removing stm32f0xx_spi.o(i.SPI_I2S_SendData16), (4 bytes).
    Removing stm32f0xx_spi.o(i.SPI_LastDMATransferCmd), (20 bytes).
    Removing stm32f0xx_spi.o(i.SPI_NSSInternalSoftwareConfig), (32 bytes).
    Removing stm32f0xx_spi.o(i.SPI_NSSPulseModeCmd), (22 bytes).
    Removing stm32f0xx_spi.o(i.SPI_SSOutputCmd), (22 bytes).
    Removing stm32f0xx_spi.o(i.SPI_StructInit), (28 bytes).
    Removing stm32f0xx_spi.o(i.SPI_TIModeCmd), (22 bytes).
    Removing stm32f0xx_spi.o(i.SPI_TransmitCRC), (12 bytes).
    Removing stm32f0xx_syscfg.o(.rev16_text), (4 bytes).
    Removing stm32f0xx_syscfg.o(.revsh_text), (4 bytes).
    Removing stm32f0xx_syscfg.o(i.SYSCFG_BreakConfig), (16 bytes).
    Removing stm32f0xx_syscfg.o(i.SYSCFG_ClearFlag), (16 bytes).
    Removing stm32f0xx_syscfg.o(i.SYSCFG_DMAChannelRemapConfig), (28 bytes).
    Removing stm32f0xx_syscfg.o(i.SYSCFG_DeInit), (36 bytes).
    Removing stm32f0xx_syscfg.o(i.SYSCFG_EXTILineConfig), (40 bytes).
    Removing stm32f0xx_syscfg.o(i.SYSCFG_GetFlagStatus), (20 bytes).
    Removing stm32f0xx_syscfg.o(i.SYSCFG_GetPendingIT), (24 bytes).
    Removing stm32f0xx_syscfg.o(i.SYSCFG_I2CFastModePlusConfig), (28 bytes).
    Removing stm32f0xx_syscfg.o(i.SYSCFG_IRDAEnvSelection), (24 bytes).
    Removing stm32f0xx_syscfg.o(i.SYSCFG_MemoryRemapConfig), (20 bytes).
    Removing stm32f0xx_tim.o(.rev16_text), (4 bytes).
    Removing stm32f0xx_tim.o(.revsh_text), (4 bytes).
    Removing stm32f0xx_tim.o(i.TI1_Config), (40 bytes).
    Removing stm32f0xx_tim.o(i.TI2_Config), (48 bytes).
    Removing stm32f0xx_tim.o(i.TI3_Config), (52 bytes).
    Removing stm32f0xx_tim.o(i.TI4_Config), (60 bytes).
    Removing stm32f0xx_tim.o(i.TIM_ARRPreloadConfig), (22 bytes).
    Removing stm32f0xx_tim.o(i.TIM_BDTRConfig), (34 bytes).
    Removing stm32f0xx_tim.o(i.TIM_BDTRStructInit), (18 bytes).
    Removing stm32f0xx_tim.o(i.TIM_CCPreloadControl), (24 bytes).
    Removing stm32f0xx_tim.o(i.TIM_CCxCmd), (22 bytes).
    Removing stm32f0xx_tim.o(i.TIM_CCxNCmd), (22 bytes).
    Removing stm32f0xx_tim.o(i.TIM_ClearFlag), (6 bytes).
    Removing stm32f0xx_tim.o(i.TIM_ClearOC1Ref), (12 bytes).
    Removing stm32f0xx_tim.o(i.TIM_ClearOC2Ref), (14 bytes).
    Removing stm32f0xx_tim.o(i.TIM_ClearOC3Ref), (12 bytes).
    Removing stm32f0xx_tim.o(i.TIM_ClearOC4Ref), (14 bytes).
    Removing stm32f0xx_tim.o(i.TIM_Cmd), (24 bytes).
    Removing stm32f0xx_tim.o(i.TIM_CounterModeConfig), (12 bytes).
    Removing stm32f0xx_tim.o(i.TIM_CtrlPWMOutputs), (28 bytes).
    Removing stm32f0xx_tim.o(i.TIM_DMACmd), (20 bytes).
    Removing stm32f0xx_tim.o(i.TIM_DMAConfig), (8 bytes).
    Removing stm32f0xx_tim.o(i.TIM_DeInit), (264 bytes).
    Removing stm32f0xx_tim.o(i.TIM_ETRClockMode1Config), (30 bytes).
    Removing stm32f0xx_tim.o(i.TIM_ETRClockMode2Config), (22 bytes).
    Removing stm32f0xx_tim.o(i.TIM_ETRConfig), (18 bytes).
    Removing stm32f0xx_tim.o(i.TIM_EncoderInterfaceConfig), (48 bytes).
    Removing stm32f0xx_tim.o(i.TIM_ForcedOC1Config), (12 bytes).
    Removing stm32f0xx_tim.o(i.TIM_ForcedOC2Config), (20 bytes).
    Removing stm32f0xx_tim.o(i.TIM_ForcedOC3Config), (12 bytes).
    Removing stm32f0xx_tim.o(i.TIM_ForcedOC4Config), (20 bytes).
    Removing stm32f0xx_tim.o(i.TIM_GenerateEvent), (4 bytes).
    Removing stm32f0xx_tim.o(i.TIM_GetCapture1), (4 bytes).
    Removing stm32f0xx_tim.o(i.TIM_GetCapture2), (4 bytes).
    Removing stm32f0xx_tim.o(i.TIM_GetCapture3), (4 bytes).
    Removing stm32f0xx_tim.o(i.TIM_GetCapture4), (4 bytes).
    Removing stm32f0xx_tim.o(i.TIM_GetCounter), (4 bytes).
    Removing stm32f0xx_tim.o(i.TIM_GetFlagStatus), (14 bytes).
    Removing stm32f0xx_tim.o(i.TIM_GetPrescaler), (4 bytes).
    Removing stm32f0xx_tim.o(i.TIM_ICInit), (90 bytes).
    Removing stm32f0xx_tim.o(i.TIM_ICStructInit), (16 bytes).
    Removing stm32f0xx_tim.o(i.TIM_ITConfig), (20 bytes).
    Removing stm32f0xx_tim.o(i.TIM_ITRxExternalClockConfig), (20 bytes).
    Removing stm32f0xx_tim.o(i.TIM_InternalClockConfig), (10 bytes).
    Removing stm32f0xx_tim.o(i.TIM_OC1FastConfig), (12 bytes).
    Removing stm32f0xx_tim.o(i.TIM_OC1Init), (132 bytes).
    Removing stm32f0xx_tim.o(i.TIM_OC1NPolarityConfig), (12 bytes).
    Removing stm32f0xx_tim.o(i.TIM_OC1PolarityConfig), (12 bytes).
    Removing stm32f0xx_tim.o(i.TIM_OC1PreloadConfig), (12 bytes).
    Removing stm32f0xx_tim.o(i.TIM_OC2FastConfig), (20 bytes).
    Removing stm32f0xx_tim.o(i.TIM_OC2Init), (152 bytes).
    Removing stm32f0xx_tim.o(i.TIM_OC2NPolarityConfig), (14 bytes).
    Removing stm32f0xx_tim.o(i.TIM_OC2PolarityConfig), (14 bytes).
    Removing stm32f0xx_tim.o(i.TIM_OC2PreloadConfig), (20 bytes).
    Removing stm32f0xx_tim.o(i.TIM_OC3FastConfig), (12 bytes).
    Removing stm32f0xx_tim.o(i.TIM_OC3Init), (144 bytes).
    Removing stm32f0xx_tim.o(i.TIM_OC3NPolarityConfig), (20 bytes).
    Removing stm32f0xx_tim.o(i.TIM_OC3PolarityConfig), (20 bytes).
    Removing stm32f0xx_tim.o(i.TIM_OC3PreloadConfig), (12 bytes).
    Removing stm32f0xx_tim.o(i.TIM_OC4FastConfig), (20 bytes).
    Removing stm32f0xx_tim.o(i.TIM_OC4Init), (108 bytes).
    Removing stm32f0xx_tim.o(i.TIM_OC4PolarityConfig), (20 bytes).
    Removing stm32f0xx_tim.o(i.TIM_OC4PreloadConfig), (20 bytes).
    Removing stm32f0xx_tim.o(i.TIM_OCStructInit), (20 bytes).
    Removing stm32f0xx_tim.o(i.TIM_PWMIConfig), (106 bytes).
    Removing stm32f0xx_tim.o(i.TIM_PrescalerConfig), (6 bytes).
    Removing stm32f0xx_tim.o(i.TIM_RemapConfig), (6 bytes).
    Removing stm32f0xx_tim.o(i.TIM_SelectCCDMA), (22 bytes).
    Removing stm32f0xx_tim.o(i.TIM_SelectCOM), (22 bytes).
    Removing stm32f0xx_tim.o(i.TIM_SelectHallSensor), (22 bytes).
    Removing stm32f0xx_tim.o(i.TIM_SelectInputTrigger), (12 bytes).
    Removing stm32f0xx_tim.o(i.TIM_SelectMasterSlaveMode), (16 bytes).
    Removing stm32f0xx_tim.o(i.TIM_SelectOCREFClear), (16 bytes).
    Removing stm32f0xx_tim.o(i.TIM_SelectOCxM), (74 bytes).
    Removing stm32f0xx_tim.o(i.TIM_SelectOnePulseMode), (16 bytes).
    Removing stm32f0xx_tim.o(i.TIM_SelectOutputTrigger), (16 bytes).
    Removing stm32f0xx_tim.o(i.TIM_SelectSlaveMode), (16 bytes).
    Removing stm32f0xx_tim.o(i.TIM_SetAutoreload), (4 bytes).
    Removing stm32f0xx_tim.o(i.TIM_SetClockDivision), (20 bytes).
    Removing stm32f0xx_tim.o(i.TIM_SetCompare1), (4 bytes).
    Removing stm32f0xx_tim.o(i.TIM_SetCompare2), (4 bytes).
    Removing stm32f0xx_tim.o(i.TIM_SetCompare3), (4 bytes).
    Removing stm32f0xx_tim.o(i.TIM_SetCompare4), (4 bytes).
    Removing stm32f0xx_tim.o(i.TIM_SetCounter), (4 bytes).
    Removing stm32f0xx_tim.o(i.TIM_SetIC1Prescaler), (16 bytes).
    Removing stm32f0xx_tim.o(i.TIM_SetIC2Prescaler), (24 bytes).
    Removing stm32f0xx_tim.o(i.TIM_SetIC3Prescaler), (16 bytes).
    Removing stm32f0xx_tim.o(i.TIM_SetIC4Prescaler), (24 bytes).
    Removing stm32f0xx_tim.o(i.TIM_TIxExternalClockConfig), (48 bytes).
    Removing stm32f0xx_tim.o(i.TIM_TimeBaseInit), (116 bytes).
    Removing stm32f0xx_tim.o(i.TIM_TimeBaseStructInit), (18 bytes).
    Removing stm32f0xx_tim.o(i.TIM_UpdateDisableConfig), (22 bytes).
    Removing stm32f0xx_tim.o(i.TIM_UpdateRequestConfig), (22 bytes).
    Removing stm32f0xx_usart.o(.rev16_text), (4 bytes).
    Removing stm32f0xx_usart.o(.revsh_text), (4 bytes).
    Removing stm32f0xx_usart.o(i.USART_AddressDetectionConfig), (16 bytes).
    Removing stm32f0xx_usart.o(i.USART_AutoBaudRateCmd), (24 bytes).
    Removing stm32f0xx_usart.o(i.USART_AutoBaudRateConfig), (18 bytes).
    Removing stm32f0xx_usart.o(i.USART_ClearFlag), (4 bytes).
    Removing stm32f0xx_usart.o(i.USART_ClearITPendingBit), (10 bytes).
    Removing stm32f0xx_usart.o(i.USART_ClockInit), (30 bytes).
    Removing stm32f0xx_usart.o(i.USART_ClockStructInit), (12 bytes).
    Removing stm32f0xx_usart.o(i.USART_Cmd), (24 bytes).
    Removing stm32f0xx_usart.o(i.USART_DECmd), (24 bytes).
    Removing stm32f0xx_usart.o(i.USART_DEPolarityConfig), (18 bytes).
    Removing stm32f0xx_usart.o(i.USART_DMACmd), (20 bytes).
    Removing stm32f0xx_usart.o(i.USART_DMAReceptionErrorConfig), (18 bytes).
    Removing stm32f0xx_usart.o(i.USART_DataInvCmd), (24 bytes).
    Removing stm32f0xx_usart.o(i.USART_DeInit), (236 bytes).
    Removing stm32f0xx_usart.o(i.USART_DirectionModeCmd), (20 bytes).
    Removing stm32f0xx_usart.o(i.USART_GetFlagStatus), (14 bytes).
    Removing stm32f0xx_usart.o(i.USART_GetITStatus), (60 bytes).
    Removing stm32f0xx_usart.o(i.USART_HalfDuplexCmd), (22 bytes).
    Removing stm32f0xx_usart.o(i.USART_ITConfig), (46 bytes).
    Removing stm32f0xx_usart.o(i.USART_Init), (176 bytes).
    Removing stm32f0xx_usart.o(i.USART_InvPinCmd), (20 bytes).
    Removing stm32f0xx_usart.o(i.USART_IrDACmd), (22 bytes).
    Removing stm32f0xx_usart.o(i.USART_IrDAConfig), (16 bytes).
    Removing stm32f0xx_usart.o(i.USART_LINBreakDetectLengthConfig), (16 bytes).
    Removing stm32f0xx_usart.o(i.USART_LINCmd), (24 bytes).
    Removing stm32f0xx_usart.o(i.USART_MSBFirstCmd), (24 bytes).
    Removing stm32f0xx_usart.o(i.USART_MuteModeCmd), (24 bytes).
    Removing stm32f0xx_usart.o(i.USART_MuteModeWakeUpConfig), (18 bytes).
    Removing stm32f0xx_usart.o(i.USART_OneBitMethodCmd), (24 bytes).
    Removing stm32f0xx_usart.o(i.USART_OverSampling8Cmd), (24 bytes).
    Removing stm32f0xx_usart.o(i.USART_OverrunDetectionConfig), (18 bytes).
    Removing stm32f0xx_usart.o(i.USART_ReceiveData), (8 bytes).
    Removing stm32f0xx_usart.o(i.USART_ReceiverTimeOutCmd), (24 bytes).
    Removing stm32f0xx_usart.o(i.USART_RequestCmd), (20 bytes).
    Removing stm32f0xx_usart.o(i.USART_STOPModeCmd), (22 bytes).
    Removing stm32f0xx_usart.o(i.USART_SWAPPinCmd), (24 bytes).
    Removing stm32f0xx_usart.o(i.USART_SendData), (8 bytes).
    Removing stm32f0xx_usart.o(i.USART_SetAddress), (18 bytes).
    Removing stm32f0xx_usart.o(i.USART_SetAutoRetryCount), (20 bytes).
    Removing stm32f0xx_usart.o(i.USART_SetBlockLength), (18 bytes).
    Removing stm32f0xx_usart.o(i.USART_SetDEAssertionTime), (20 bytes).
    Removing stm32f0xx_usart.o(i.USART_SetDEDeassertionTime), (20 bytes).
    Removing stm32f0xx_usart.o(i.USART_SetGuardTime), (16 bytes).
    Removing stm32f0xx_usart.o(i.USART_SetPrescaler), (16 bytes).
    Removing stm32f0xx_usart.o(i.USART_SetReceiverTimeOut), (16 bytes).
    Removing stm32f0xx_usart.o(i.USART_SmartCardCmd), (22 bytes).
    Removing stm32f0xx_usart.o(i.USART_SmartCardNACKCmd), (22 bytes).
    Removing stm32f0xx_usart.o(i.USART_StopModeWakeUpSourceConfig), (18 bytes).
    Removing stm32f0xx_usart.o(i.USART_StructInit), (22 bytes).
    Removing stm32f0xx_wwdg.o(.rev16_text), (4 bytes).
    Removing stm32f0xx_wwdg.o(.revsh_text), (4 bytes).
    Removing stm32f0xx_wwdg.o(i.WWDG_ClearFlag), (12 bytes).
    Removing stm32f0xx_wwdg.o(i.WWDG_DeInit), (22 bytes).
    Removing stm32f0xx_wwdg.o(i.WWDG_Enable), (16 bytes).
    Removing stm32f0xx_wwdg.o(i.WWDG_EnableIT), (16 bytes).
    Removing stm32f0xx_wwdg.o(i.WWDG_GetFlagStatus), (20 bytes).
    Removing stm32f0xx_wwdg.o(i.WWDG_SetCounter), (16 bytes).
    Removing stm32f0xx_wwdg.o(i.WWDG_SetPrescaler), (20 bytes).
    Removing stm32f0xx_wwdg.o(i.WWDG_SetWindowValue), (32 bytes).
    Removing gpio.o(.rev16_text), (4 bytes).
    Removing gpio.o(.revsh_text), (4 bytes).
    Removing main.o(.rev16_text), (4 bytes).
    Removing main.o(.revsh_text), (4 bytes).
    Removing main.o(i.NVIC_Config), (58 bytes).
    Removing spi.o(.rev16_text), (4 bytes).
    Removing spi.o(.revsh_text), (4 bytes).
    Removing stm32f0xx_it.o(.rev16_text), (4 bytes).
    Removing stm32f0xx_it.o(.revsh_text), (4 bytes).
    Removing delay.o(i.Delay_Ms), (28 bytes).
    Removing delay.o(i.Delay_Us), (22 bytes).
    Removing dsqrt.o(.text), (162 bytes).

698 unused section(s) (total 22748 bytes) removed from the image.

==============================================================================

Image Symbol Table

    Local Symbols

    Symbol Name                              Value     Ov Type        Size  Object(Section)

    ../clib/microlib/division.c              0x00000000   Number         0  uidiv.o ABSOLUTE
    ../clib/microlib/errno.c                 0x00000000   Number         0  errno.o ABSOLUTE
    ../clib/microlib/init/entry.s            0x00000000   Number         0  entry2.o ABSOLUTE
    ../clib/microlib/init/entry.s            0x00000000   Number         0  entry7a.o ABSOLUTE
    ../clib/microlib/init/entry.s            0x00000000   Number         0  entry8a.o ABSOLUTE
    ../clib/microlib/init/entry.s            0x00000000   Number         0  entry8b.o ABSOLUTE
    ../clib/microlib/init/entry.s            0x00000000   Number         0  entry5.o ABSOLUTE
    ../clib/microlib/init/entry.s            0x00000000   Number         0  entry9a.o ABSOLUTE
    ../clib/microlib/init/entry.s            0x00000000   Number         0  entry9b.o ABSOLUTE
    ../clib/microlib/init/entry.s            0x00000000   Number         0  entry10a.o ABSOLUTE
    ../clib/microlib/init/entry.s            0x00000000   Number         0  entry10b.o ABSOLUTE
    ../clib/microlib/init/entry.s            0x00000000   Number         0  entry11a.o ABSOLUTE
    ../clib/microlib/init/entry.s            0x00000000   Number         0  entry11b.o ABSOLUTE
    ../clib/microlib/init/entry.s            0x00000000   Number         0  entry12a.o ABSOLUTE
    ../clib/microlib/init/entry.s            0x00000000   Number         0  entry12b.o ABSOLUTE
    ../clib/microlib/init/entry.s            0x00000000   Number         0  entry.o ABSOLUTE
    ../clib/microlib/init/entry.s            0x00000000   Number         0  entry7b.o ABSOLUTE
    ../clib/microlib/longlong.c              0x00000000   Number         0  llshl.o ABSOLUTE
    ../clib/microlib/longlong.c              0x00000000   Number         0  llushr.o ABSOLUTE
    ../clib/microlib/longlong.c              0x00000000   Number         0  llsshr.o ABSOLUTE
    ../clib/microlib/string/memcpy.c         0x00000000   Number         0  memcpyb.o ABSOLUTE
    ../clib/microlib/string/memcpy.c         0x00000000   Number         0  memcpya.o ABSOLUTE
    ../clib/microlib/string/memset.c         0x00000000   Number         0  memseta.o ABSOLUTE
    ../clib/microlib/string/strncmp.c        0x00000000   Number         0  strncmp.o ABSOLUTE
    ../clib/microlib/stubs.s                 0x00000000   Number         0  iusefp.o ABSOLUTE
    ../fplib/microlib/fpadd.c                0x00000000   Number         0  dadd.o ABSOLUTE
    ../fplib/microlib/fpdiv.c                0x00000000   Number         0  ddiv.o ABSOLUTE
    ../fplib/microlib/fpepilogue.c           0x00000000   Number         0  depilogue.o ABSOLUTE
    ../fplib/microlib/fpfix.c                0x00000000   Number         0  dfixui.o ABSOLUTE
    ../fplib/microlib/fpfix.c                0x00000000   Number         0  dfixi.o ABSOLUTE
    ../fplib/microlib/fpflt.c                0x00000000   Number         0  dfltui.o ABSOLUTE
    ../fplib/microlib/fpflt.c                0x00000000   Number         0  dflti.o ABSOLUTE
    ../fplib/microlib/fpmul.c                0x00000000   Number         0  dmul.o ABSOLUTE
    ../fplib/microlib/fprnd.c                0x00000000   Number         0  drnd.o ABSOLUTE
    ../fplib/microlib/fpscalb.c              0x00000000   Number         0  dscalb.o ABSOLUTE
    ../fplib/microlib/fpsqrt.c               0x00000000   Number         0  dsqrt.o ABSOLUTE
    ../mathlib/dunder.c                      0x00000000   Number         0  dunder.o ABSOLUTE
    ../mathlib/fpclassify.c                  0x00000000   Number         0  fpclassify.o ABSOLUTE
    ../mathlib/poly.c                        0x00000000   Number         0  poly.o ABSOLUTE
    ../mathlib/pow.c                         0x00000000   Number         0  pow.o ABSOLUTE
    ../mathlib/pow.c                         0x00000000   Number         0  pow_x.o ABSOLUTE
    ../mathlib/qnan.c                        0x00000000   Number         0  qnan.o ABSOLUTE
    ../mathlib/round.c                       0x00000000   Number         0  round.o ABSOLUTE
    ../mathlib/sqrt.c                        0x00000000   Number         0  sqrt_x.o ABSOLUTE
    ../mathlib/sqrt.c                        0x00000000   Number         0  sqrt.o ABSOLUTE
    ..\Libraries\CMSIS\Device\ST\STM32F0xx\Source\Templates\arm\startup_stm32f030.s 0x00000000   Number         0  startup_stm32f030.o ABSOLUTE
    ..\Libraries\CMSIS\Device\ST\STM32F0xx\Source\Templates\system_stm32f0xx.c 0x00000000   Number         0  system_stm32f0xx.o ABSOLUTE
    ..\Libraries\STM32F0xx_StdPeriph_Driver\src\stm32f0xx_adc.c 0x00000000   Number         0  stm32f0xx_adc.o ABSOLUTE
    ..\Libraries\STM32F0xx_StdPeriph_Driver\src\stm32f0xx_can.c 0x00000000   Number         0  stm32f0xx_can.o ABSOLUTE
    ..\Libraries\STM32F0xx_StdPeriph_Driver\src\stm32f0xx_cec.c 0x00000000   Number         0  stm32f0xx_cec.o ABSOLUTE
    ..\Libraries\STM32F0xx_StdPeriph_Driver\src\stm32f0xx_comp.c 0x00000000   Number         0  stm32f0xx_comp.o ABSOLUTE
    ..\Libraries\STM32F0xx_StdPeriph_Driver\src\stm32f0xx_crc.c 0x00000000   Number         0  stm32f0xx_crc.o ABSOLUTE
    ..\Libraries\STM32F0xx_StdPeriph_Driver\src\stm32f0xx_crs.c 0x00000000   Number         0  stm32f0xx_crs.o ABSOLUTE
    ..\Libraries\STM32F0xx_StdPeriph_Driver\src\stm32f0xx_dac.c 0x00000000   Number         0  stm32f0xx_dac.o ABSOLUTE
    ..\Libraries\STM32F0xx_StdPeriph_Driver\src\stm32f0xx_dbgmcu.c 0x00000000   Number         0  stm32f0xx_dbgmcu.o ABSOLUTE
    ..\Libraries\STM32F0xx_StdPeriph_Driver\src\stm32f0xx_dma.c 0x00000000   Number         0  stm32f0xx_dma.o ABSOLUTE
    ..\Libraries\STM32F0xx_StdPeriph_Driver\src\stm32f0xx_exti.c 0x00000000   Number         0  stm32f0xx_exti.o ABSOLUTE
    ..\Libraries\STM32F0xx_StdPeriph_Driver\src\stm32f0xx_flash.c 0x00000000   Number         0  stm32f0xx_flash.o ABSOLUTE
    ..\Libraries\STM32F0xx_StdPeriph_Driver\src\stm32f0xx_gpio.c 0x00000000   Number         0  stm32f0xx_gpio.o ABSOLUTE
    ..\Libraries\STM32F0xx_StdPeriph_Driver\src\stm32f0xx_i2c.c 0x00000000   Number         0  stm32f0xx_i2c.o ABSOLUTE
    ..\Libraries\STM32F0xx_StdPeriph_Driver\src\stm32f0xx_iwdg.c 0x00000000   Number         0  stm32f0xx_iwdg.o ABSOLUTE
    ..\Libraries\STM32F0xx_StdPeriph_Driver\src\stm32f0xx_misc.c 0x00000000   Number         0  stm32f0xx_misc.o ABSOLUTE
    ..\Libraries\STM32F0xx_StdPeriph_Driver\src\stm32f0xx_pwr.c 0x00000000   Number         0  stm32f0xx_pwr.o ABSOLUTE
    ..\Libraries\STM32F0xx_StdPeriph_Driver\src\stm32f0xx_rcc.c 0x00000000   Number         0  stm32f0xx_rcc.o ABSOLUTE
    ..\Libraries\STM32F0xx_StdPeriph_Driver\src\stm32f0xx_rtc.c 0x00000000   Number         0  stm32f0xx_rtc.o ABSOLUTE
    ..\Libraries\STM32F0xx_StdPeriph_Driver\src\stm32f0xx_spi.c 0x00000000   Number         0  stm32f0xx_spi.o ABSOLUTE
    ..\Libraries\STM32F0xx_StdPeriph_Driver\src\stm32f0xx_syscfg.c 0x00000000   Number         0  stm32f0xx_syscfg.o ABSOLUTE
    ..\Libraries\STM32F0xx_StdPeriph_Driver\src\stm32f0xx_tim.c 0x00000000   Number         0  stm32f0xx_tim.o ABSOLUTE
    ..\Libraries\STM32F0xx_StdPeriph_Driver\src\stm32f0xx_usart.c 0x00000000   Number         0  stm32f0xx_usart.o ABSOLUTE
    ..\Libraries\STM32F0xx_StdPeriph_Driver\src\stm32f0xx_wwdg.c 0x00000000   Number         0  stm32f0xx_wwdg.o ABSOLUTE
    ..\Radio\src\crc.c                       0x00000000   Number         0  crc.o ABSOLUTE
    ..\Radio\src\fifo.c                      0x00000000   Number         0  fifo.o ABSOLUTE
    ..\Radio\src\radio.c                     0x00000000   Number         0  radio.o ABSOLUTE
    ..\Radio\src\sx1276-Fsk.c                0x00000000   Number         0  sx1276-fsk.o ABSOLUTE
    ..\Radio\src\sx1276-FskMisc.c            0x00000000   Number         0  sx1276-fskmisc.o ABSOLUTE
    ..\Radio\src\sx1276-Hal.c                0x00000000   Number         0  sx1276-hal.o ABSOLUTE
    ..\Radio\src\sx1276-LoRa.c               0x00000000   Number         0  sx1276-lora.o ABSOLUTE
    ..\Radio\src\sx1276-LoRaMisc.c           0x00000000   Number         0  sx1276-loramisc.o ABSOLUTE
    ..\Radio\src\sx1276.c                    0x00000000   Number         0  sx1276.o ABSOLUTE
    ..\\Libraries\\CMSIS\\Device\\ST\\STM32F0xx\\Source\\Templates\\system_stm32f0xx.c 0x00000000   Number         0  system_stm32f0xx.o ABSOLUTE
    ..\\Libraries\\STM32F0xx_StdPeriph_Driver\\src\\stm32f0xx_adc.c 0x00000000   Number         0  stm32f0xx_adc.o ABSOLUTE
    ..\\Libraries\\STM32F0xx_StdPeriph_Driver\\src\\stm32f0xx_can.c 0x00000000   Number         0  stm32f0xx_can.o ABSOLUTE
    ..\\Libraries\\STM32F0xx_StdPeriph_Driver\\src\\stm32f0xx_cec.c 0x00000000   Number         0  stm32f0xx_cec.o ABSOLUTE
    ..\\Libraries\\STM32F0xx_StdPeriph_Driver\\src\\stm32f0xx_comp.c 0x00000000   Number         0  stm32f0xx_comp.o ABSOLUTE
    ..\\Libraries\\STM32F0xx_StdPeriph_Driver\\src\\stm32f0xx_crc.c 0x00000000   Number         0  stm32f0xx_crc.o ABSOLUTE
    ..\\Libraries\\STM32F0xx_StdPeriph_Driver\\src\\stm32f0xx_crs.c 0x00000000   Number         0  stm32f0xx_crs.o ABSOLUTE
    ..\\Libraries\\STM32F0xx_StdPeriph_Driver\\src\\stm32f0xx_dac.c 0x00000000   Number         0  stm32f0xx_dac.o ABSOLUTE
    ..\\Libraries\\STM32F0xx_StdPeriph_Driver\\src\\stm32f0xx_dbgmcu.c 0x00000000   Number         0  stm32f0xx_dbgmcu.o ABSOLUTE
    ..\\Libraries\\STM32F0xx_StdPeriph_Driver\\src\\stm32f0xx_dma.c 0x00000000   Number         0  stm32f0xx_dma.o ABSOLUTE
    ..\\Libraries\\STM32F0xx_StdPeriph_Driver\\src\\stm32f0xx_exti.c 0x00000000   Number         0  stm32f0xx_exti.o ABSOLUTE
    ..\\Libraries\\STM32F0xx_StdPeriph_Driver\\src\\stm32f0xx_flash.c 0x00000000   Number         0  stm32f0xx_flash.o ABSOLUTE
    ..\\Libraries\\STM32F0xx_StdPeriph_Driver\\src\\stm32f0xx_gpio.c 0x00000000   Number         0  stm32f0xx_gpio.o ABSOLUTE
    ..\\Libraries\\STM32F0xx_StdPeriph_Driver\\src\\stm32f0xx_i2c.c 0x00000000   Number         0  stm32f0xx_i2c.o ABSOLUTE
    ..\\Libraries\\STM32F0xx_StdPeriph_Driver\\src\\stm32f0xx_iwdg.c 0x00000000   Number         0  stm32f0xx_iwdg.o ABSOLUTE
    ..\\Libraries\\STM32F0xx_StdPeriph_Driver\\src\\stm32f0xx_misc.c 0x00000000   Number         0  stm32f0xx_misc.o ABSOLUTE
    ..\\Libraries\\STM32F0xx_StdPeriph_Driver\\src\\stm32f0xx_pwr.c 0x00000000   Number         0  stm32f0xx_pwr.o ABSOLUTE
    ..\\Libraries\\STM32F0xx_StdPeriph_Driver\\src\\stm32f0xx_rcc.c 0x00000000   Number         0  stm32f0xx_rcc.o ABSOLUTE
    ..\\Libraries\\STM32F0xx_StdPeriph_Driver\\src\\stm32f0xx_rtc.c 0x00000000   Number         0  stm32f0xx_rtc.o ABSOLUTE
    ..\\Libraries\\STM32F0xx_StdPeriph_Driver\\src\\stm32f0xx_spi.c 0x00000000   Number         0  stm32f0xx_spi.o ABSOLUTE
    ..\\Libraries\\STM32F0xx_StdPeriph_Driver\\src\\stm32f0xx_syscfg.c 0x00000000   Number         0  stm32f0xx_syscfg.o ABSOLUTE
    ..\\Libraries\\STM32F0xx_StdPeriph_Driver\\src\\stm32f0xx_tim.c 0x00000000   Number         0  stm32f0xx_tim.o ABSOLUTE
    ..\\Libraries\\STM32F0xx_StdPeriph_Driver\\src\\stm32f0xx_usart.c 0x00000000   Number         0  stm32f0xx_usart.o ABSOLUTE
    ..\\Libraries\\STM32F0xx_StdPeriph_Driver\\src\\stm32f0xx_wwdg.c 0x00000000   Number         0  stm32f0xx_wwdg.o ABSOLUTE
    ..\\Radio\\src\\fifo.c                   0x00000000   Number         0  fifo.o ABSOLUTE
    ..\\Radio\\src\\radio.c                  0x00000000   Number         0  radio.o ABSOLUTE
    ..\\Radio\\src\\sx1276-Fsk.c             0x00000000   Number         0  sx1276-fsk.o ABSOLUTE
    ..\\Radio\\src\\sx1276-FskMisc.c         0x00000000   Number         0  sx1276-fskmisc.o ABSOLUTE
    ..\\Radio\\src\\sx1276-Hal.c             0x00000000   Number         0  sx1276-hal.o ABSOLUTE
    ..\\Radio\\src\\sx1276-LoRa.c            0x00000000   Number         0  sx1276-lora.o ABSOLUTE
    ..\\Radio\\src\\sx1276-LoRaMisc.c        0x00000000   Number         0  sx1276-loramisc.o ABSOLUTE
    ..\\Radio\\src\\sx1276.c                 0x00000000   Number         0  sx1276.o ABSOLUTE
    ..\\gpio.c                               0x00000000   Number         0  gpio.o ABSOLUTE
    ..\\main.c                               0x00000000   Number         0  main.o ABSOLUTE
    ..\\spi.c                                0x00000000   Number         0  spi.o ABSOLUTE
    ..\\stm32f0xx_it.c                       0x00000000   Number         0  stm32f0xx_it.o ABSOLUTE
    ..\delay.c                               0x00000000   Number         0  delay.o ABSOLUTE
    ..\gpio.c                                0x00000000   Number         0  gpio.o ABSOLUTE
    ..\main.c                                0x00000000   Number         0  main.o ABSOLUTE
    ..\spi.c                                 0x00000000   Number         0  spi.o ABSOLUTE
    ..\stm32f0xx_it.c                        0x00000000   Number         0  stm32f0xx_it.o ABSOLUTE
    cdcmple.s                                0x00000000   Number         0  cdcmple.o ABSOLUTE
    cdrcmple.s                               0x00000000   Number         0  cdrcmple.o ABSOLUTE
    dc.s                                     0x00000000   Number         0  dc.o ABSOLUTE
    handlers.s                               0x00000000   Number         0  handlers.o ABSOLUTE
    init.s                                   0x00000000   Number         0  init.o ABSOLUTE
    RESET                                    0x08000000   Section      180  startup_stm32f030.o(RESET)
    .ARM.Collect$$$$00000000                 0x080000b4   Section        0  entry.o(.ARM.Collect$$$$00000000)
    .ARM.Collect$$$$00000001                 0x080000b4   Section        4  entry2.o(.ARM.Collect$$$$00000001)
    .ARM.Collect$$$$00000004                 0x080000b8   Section        4  entry5.o(.ARM.Collect$$$$00000004)
    .ARM.Collect$$$$00000008                 0x080000bc   Section        0  entry7b.o(.ARM.Collect$$$$00000008)
    .ARM.Collect$$$$0000000A                 0x080000bc   Section        0  entry8b.o(.ARM.Collect$$$$0000000A)
    .ARM.Collect$$$$0000000B                 0x080000bc   Section        8  entry9a.o(.ARM.Collect$$$$0000000B)
    .ARM.Collect$$$$0000000E                 0x080000c4   Section        4  entry12b.o(.ARM.Collect$$$$0000000E)
    .ARM.Collect$$$$0000000F                 0x080000c8   Section        0  entry10a.o(.ARM.Collect$$$$0000000F)
    .ARM.Collect$$$$00000011                 0x080000c8   Section        0  entry11a.o(.ARM.Collect$$$$00000011)
    .ARM.Collect$$$$00002712                 0x080000c8   Section        4  entry2.o(.ARM.Collect$$$$00002712)
    __lit__00000000                          0x080000c8   Data           4  entry2.o(.ARM.Collect$$$$00002712)
    .text                                    0x080000cc   Section       88  startup_stm32f030.o(.text)
    .text                                    0x08000124   Section        0  uidiv.o(.text)
    .text                                    0x08000150   Section        0  memcpya.o(.text)
    .text                                    0x08000174   Section        0  memseta.o(.text)
    .text                                    0x08000198   Section        0  strncmp.o(.text)
    .text                                    0x080001b8   Section        0  dadd.o(.text)
    .text                                    0x08000320   Section        0  dmul.o(.text)
    .text                                    0x080003f0   Section        0  ddiv.o(.text)
    .text                                    0x080004e0   Section        0  dscalb.o(.text)
    .text                                    0x0800050c   Section        0  dflti.o(.text)
    .text                                    0x08000534   Section        0  dfltui.o(.text)
    .text                                    0x08000550   Section        0  dfixi.o(.text)
    .text                                    0x08000598   Section        0  dfixui.o(.text)
    .text                                    0x080005d4   Section       40  cdcmple.o(.text)
    .text                                    0x080005fc   Section        0  llshl.o(.text)
    .text                                    0x0800061c   Section        0  llushr.o(.text)
    .text                                    0x0800063e   Section        0  llsshr.o(.text)
    .text                                    0x08000664   Section        0  iusefp.o(.text)
    .text                                    0x08000664   Section        0  depilogue.o(.text)
    .text                                    0x08000724   Section        0  drnd.o(.text)
    .text                                    0x080007a0   Section       40  cdrcmple.o(.text)
    .text                                    0x080007c8   Section       36  init.o(.text)
    i.ADC1_IRQHandler                        0x080007ec   Section        0  stm32f0xx_it.o(i.ADC1_IRQHandler)
    i.ComputeCrc                             0x080007ee   Section        0  crc.o(i.ComputeCrc)
    i.EXTI0_1_IRQHandler                     0x08000818   Section        0  stm32f0xx_it.o(i.EXTI0_1_IRQHandler)
    i.EXTI_ClearITPendingBit                 0x0800082c   Section        0  stm32f0xx_exti.o(i.EXTI_ClearITPendingBit)
    i.EXTI_GetITStatus                       0x08000838   Section        0  stm32f0xx_exti.o(i.EXTI_GetITStatus)
    i.GPIO_Init                              0x0800084c   Section        0  stm32f0xx_gpio.o(i.GPIO_Init)
    i.GPIO_PinAFConfig                       0x080008bc   Section        0  stm32f0xx_gpio.o(i.GPIO_PinAFConfig)
    i.GPIO_ReadInputDataBit                  0x080008dc   Section        0  stm32f0xx_gpio.o(i.GPIO_ReadInputDataBit)
    i.GPIO_SetBits                           0x080008ea   Section        0  stm32f0xx_gpio.o(i.GPIO_SetBits)
    i.GPIO_WriteBit                          0x080008ee   Section        0  stm32f0xx_gpio.o(i.GPIO_WriteBit)
    i.GPIO_int                               0x080008fc   Section        0  gpio.o(i.GPIO_int)
    i.HAL_Delay_nMs                          0x08000a28   Section        0  delay.o(i.HAL_Delay_nMs)
    i.HW_Int                                 0x08000a3c   Section        0  main.o(i.HW_Int)
    i.HardFault_Handler                      0x08000a54   Section        0  stm32f0xx_it.o(i.HardFault_Handler)
    i.LedToggle                              0x08000a56   Section        0  main.o(i.LedToggle)
    i.NMI_Handler                            0x08000a7c   Section        0  stm32f0xx_it.o(i.NMI_Handler)
    i.OnMaster                               0x08000a80   Section        0  main.o(i.OnMaster)
    i.OnSlave                                0x08000b50   Section        0  main.o(i.OnSlave)
    i.PendSV_Handler                         0x08000bec   Section        0  stm32f0xx_it.o(i.PendSV_Handler)
    i.RCC_AHBPeriphClockCmd                  0x08000bf0   Section        0  stm32f0xx_rcc.o(i.RCC_AHBPeriphClockCmd)
    i.RCC_APB1PeriphClockCmd                 0x08000c0c   Section        0  stm32f0xx_rcc.o(i.RCC_APB1PeriphClockCmd)
    i.RCC_APB2PeriphClockCmd                 0x08000c28   Section        0  stm32f0xx_rcc.o(i.RCC_APB2PeriphClockCmd)
    i.RCC_Configuration                      0x08000c44   Section        0  main.o(i.RCC_Configuration)
    i.RCC_GetFlagStatus                      0x08000c6c   Section        0  stm32f0xx_rcc.o(i.RCC_GetFlagStatus)
    i.RCC_PLLCmd                             0x08000ca4   Section        0  stm32f0xx_rcc.o(i.RCC_PLLCmd)
    i.RCC_PLLConfig                          0x08000cc4   Section        0  stm32f0xx_rcc.o(i.RCC_PLLConfig)
    i.RCC_SYSCLKConfig                       0x08000ce0   Section        0  stm32f0xx_rcc.o(i.RCC_SYSCLKConfig)
    i.RadioComputeCRC                        0x08000cf4   Section        0  crc.o(i.RadioComputeCRC)
    i.RadioDriverInit                        0x08000d40   Section        0  radio.o(i.RadioDriverInit)
    i.SPI2_IRQHandler                        0x08000d80   Section        0  stm32f0xx_it.o(i.SPI2_IRQHandler)
    i.SPI2_Int                               0x08000d84   Section        0  spi.o(i.SPI2_Int)
    i.SPI_Cmd                                0x08000dd0   Section        0  stm32f0xx_spi.o(i.SPI_Cmd)
    i.SPI_I2S_GetFlagStatus                  0x08000de6   Section        0  stm32f0xx_spi.o(i.SPI_I2S_GetFlagStatus)
    i.SPI_Init                               0x08000df4   Section        0  stm32f0xx_spi.o(i.SPI_Init)
    i.SPI_ReceiveData8                       0x08000e48   Section        0  stm32f0xx_spi.o(i.SPI_ReceiveData8)
    i.SPI_RxFIFOThresholdConfig              0x08000e4c   Section        0  stm32f0xx_spi.o(i.SPI_RxFIFOThresholdConfig)
    i.SPI_SendData8                          0x08000e60   Section        0  stm32f0xx_spi.o(i.SPI_SendData8)
    i.SVC_Handler                            0x08000e64   Section        0  stm32f0xx_it.o(i.SVC_Handler)
    i.SX1276FskGetPacketPayloadSize          0x08000e68   Section        0  sx1276-fsk.o(i.SX1276FskGetPacketPayloadSize)
    i.SX1276FskGetRxPacket                   0x08000ea0   Section        0  sx1276-fsk.o(i.SX1276FskGetRxPacket)
    i.SX1276FskProcess                       0x08000ec0   Section        0  sx1276-fsk.o(i.SX1276FskProcess)
    i.SX1276FskReadAfc                       0x08001240   Section        0  sx1276-fsk.o(i.SX1276FskReadAfc)
    i.SX1276FskReadRssi                      0x08001274   Section        0  sx1276-fsk.o(i.SX1276FskReadRssi)
    i.SX1276FskReadRxGain                    0x0800129c   Section        0  sx1276-fsk.o(i.SX1276FskReadRxGain)
    i.SX1276FskSetOpMode                     0x080012b8   Section        0  sx1276-fsk.o(i.SX1276FskSetOpMode)
    i.SX1276FskSetRFState                    0x080012f8   Section        0  sx1276-fsk.o(i.SX1276FskSetRFState)
    i.SX1276FskSetTxPacket                   0x08001304   Section        0  sx1276-fsk.o(i.SX1276FskSetTxPacket)
    i.SX1276GetRxPacket                      0x08001324   Section        0  sx1276.o(i.SX1276GetRxPacket)
    i.SX1276Init                             0x08001340   Section        0  sx1276.o(i.SX1276Init)
    i.SX1276LoRaGetRxPacket                  0x0800138c   Section        0  sx1276-lora.o(i.SX1276LoRaGetRxPacket)
    i.SX1276LoRaInit                         0x080013b0   Section        0  sx1276-lora.o(i.SX1276LoRaInit)
    i.SX1276LoRaProcess                      0x0800145c   Section        0  sx1276-lora.o(i.SX1276LoRaProcess)
    i.SX1276LoRaReadRxGain                   0x080018ec   Section        0  sx1276-lora.o(i.SX1276LoRaReadRxGain)
    i.SX1276LoRaSetDefaults                  0x08001908   Section        0  sx1276-lora.o(i.SX1276LoRaSetDefaults)
    i.SX1276LoRaSetErrorCoding               0x0800191c   Section        0  sx1276-loramisc.o(i.SX1276LoRaSetErrorCoding)
    i.SX1276LoRaSetImplicitHeaderOn          0x08001950   Section        0  sx1276-loramisc.o(i.SX1276LoRaSetImplicitHeaderOn)
    i.SX1276LoRaSetLowDatarateOptimize       0x08001980   Section        0  sx1276-loramisc.o(i.SX1276LoRaSetLowDatarateOptimize)
    i.SX1276LoRaSetNbTrigPeaks               0x080019ac   Section        0  sx1276-loramisc.o(i.SX1276LoRaSetNbTrigPeaks)
    i.SX1276LoRaSetOpMode                    0x080019d8   Section        0  sx1276-lora.o(i.SX1276LoRaSetOpMode)
    i.SX1276LoRaSetPAOutput                  0x08001a18   Section        0  sx1276-loramisc.o(i.SX1276LoRaSetPAOutput)
    i.SX1276LoRaSetPa20dBm                   0x08001a40   Section        0  sx1276-loramisc.o(i.SX1276LoRaSetPa20dBm)
    i.SX1276LoRaSetPacketCrcOn               0x08001a84   Section        0  sx1276-loramisc.o(i.SX1276LoRaSetPacketCrcOn)
    i.SX1276LoRaSetPayloadLength             0x08001ab8   Section        0  sx1276-loramisc.o(i.SX1276LoRaSetPayloadLength)
    i.SX1276LoRaSetRFFrequency               0x08001adc   Section        0  sx1276-loramisc.o(i.SX1276LoRaSetRFFrequency)
    i.SX1276LoRaSetRFPower                   0x08001b18   Section        0  sx1276-loramisc.o(i.SX1276LoRaSetRFPower)
    i.SX1276LoRaSetRFState                   0x08001bbc   Section        0  sx1276-lora.o(i.SX1276LoRaSetRFState)
    i.SX1276LoRaSetSignalBandwidth           0x08001bc8   Section        0  sx1276-loramisc.o(i.SX1276LoRaSetSignalBandwidth)
    i.SX1276LoRaSetSpreadingFactor           0x08001bfc   Section        0  sx1276-loramisc.o(i.SX1276LoRaSetSpreadingFactor)
    i.SX1276LoRaSetSymbTimeout               0x08001c50   Section        0  sx1276-loramisc.o(i.SX1276LoRaSetSymbTimeout)
    i.SX1276LoRaSetTxPacket                  0x08001c84   Section        0  sx1276-lora.o(i.SX1276LoRaSetTxPacket)
    i.SX1276Process                          0x08001ca4   Section        0  sx1276.o(i.SX1276Process)
    i.SX1276Read                             0x08001cc0   Section        0  sx1276-hal.o(i.SX1276Read)
    i.SX1276ReadBuffer                       0x08001ccc   Section        0  sx1276-hal.o(i.SX1276ReadBuffer)
    i.SX1276ReadDio0                         0x08001d08   Section        0  sx1276-hal.o(i.SX1276ReadDio0)
    i.SX1276ReadDio1                         0x08001d16   Section        0  sx1276-hal.o(i.SX1276ReadDio1)
    i.SX1276ReadDio2                         0x08001d24   Section        0  sx1276-hal.o(i.SX1276ReadDio2)
    i.SX1276ReadDio3                         0x08001d34   Section        0  sx1276-hal.o(i.SX1276ReadDio3)
    i.SX1276ReadDio4                         0x08001d44   Section        0  sx1276-hal.o(i.SX1276ReadDio4)
    i.SX1276ReadFifo                         0x08001d48   Section        0  sx1276-hal.o(i.SX1276ReadFifo)
    i.SX1276Reset                            0x08001d58   Section        0  sx1276.o(i.SX1276Reset)
    i.SX1276SetLoRaOn                        0x08001d80   Section        0  sx1276.o(i.SX1276SetLoRaOn)
    i.SX1276SetReset                         0x08001e0c   Section        0  sx1276-hal.o(i.SX1276SetReset)
    i.SX1276SetTxPacket                      0x08001e30   Section        0  sx1276.o(i.SX1276SetTxPacket)
    i.SX1276StartRx                          0x08001e4c   Section        0  sx1276.o(i.SX1276StartRx)
    i.SX1276StartTx                          0x08001e6c   Section        0  sx1276.o(i.SX1276StartTx)
    i.SX1276Write                            0x08001e8c   Section        0  sx1276-hal.o(i.SX1276Write)
    i.SX1276WriteBuffer                      0x08001e98   Section        0  sx1276-hal.o(i.SX1276WriteBuffer)
    i.SX1276WriteFifo                        0x08001ed4   Section        0  sx1276-hal.o(i.SX1276WriteFifo)
    i.SX1276WriteRxTx                        0x08001ee2   Section        0  sx1276-hal.o(i.SX1276WriteRxTx)
    i.SetSysClock                            0x08001ee4   Section        0  system_stm32f0xx.o(i.SetSysClock)
    SetSysClock                              0x08001ee5   Thumb Code   148  system_stm32f0xx.o(i.SetSysClock)
    i.SpiInputOutput_Data                    0x08001f80   Section        0  spi.o(i.SpiInputOutput_Data)
    i.SpiReadData                            0x08001fb0   Section        0  sx1276-hal.o(i.SpiReadData)
    i.SpiWriteData                           0x08001fd8   Section        0  sx1276-hal.o(i.SpiWriteData)
    i.SysClock_48                            0x08001ffc   Section        0  main.o(i.SysClock_48)
    i.SysTick_Handler                        0x08002028   Section        0  stm32f0xx_it.o(i.SysTick_Handler)
    i.SystemInit                             0x0800203c   Section        0  system_stm32f0xx.o(i.SystemInit)
    i.TIM14_IRQHandler                       0x0800209c   Section        0  stm32f0xx_it.o(i.TIM14_IRQHandler)
    i.TIM_ClearITPendingBit                  0x080020bc   Section        0  stm32f0xx_tim.o(i.TIM_ClearITPendingBit)
    i.TIM_GetITStatus                        0x080020c2   Section        0  stm32f0xx_tim.o(i.TIM_GetITStatus)
    i.Tick_Configration                      0x080020dc   Section        0  main.o(i.Tick_Configration)
    i.USART1_IRQHandler                      0x08002128   Section        0  stm32f0xx_it.o(i.USART1_IRQHandler)
    i.__ARM_clz                              0x0800212a   Section        0  depilogue.o(i.__ARM_clz)
    i.__ARM_common_switch8                   0x08002158   Section        0  sx1276-fsk.o(i.__ARM_common_switch8)
    i.__scatterload_copy                     0x08002172   Section       14  handlers.o(i.__scatterload_copy)
    i.__scatterload_null                     0x08002180   Section        2  handlers.o(i.__scatterload_null)
    i.__scatterload_zeroinit                 0x08002182   Section       14  handlers.o(i.__scatterload_zeroinit)
    i.main                                   0x08002190   Section        0  main.o(i.main)
    i.round                                  0x08002208   Section        0  round.o(i.round)
    .constdata                               0x080022a4   Section      204  sx1276-lora.o(.constdata)
    .constdata                               0x08002370   Section       10  main.o(.constdata)
    .data                                    0x20000000   Section       20  system_stm32f0xx.o(.data)
    .data                                    0x20000014   Section        2  sx1276.o(.data)
    LoRaOn                                   0x20000014   Data           1  sx1276.o(.data)
    LoRaOnState                              0x20000015   Data           1  sx1276.o(.data)
    .data                                    0x20000018   Section       84  sx1276-fsk.o(.data)
    DataChunkSize                            0x20000018   Data           1  sx1276-fsk.o(.data)
    RFState                                  0x20000019   Data           1  sx1276-fsk.o(.data)
    PreambleDetected                         0x2000001a   Data           1  sx1276-fsk.o(.data)
    SyncWordDetected                         0x2000001b   Data           1  sx1276-fsk.o(.data)
    PacketDetected                           0x2000001c   Data           1  sx1276-fsk.o(.data)
    RxBytesRead                              0x2000001d   Data           1  sx1276-fsk.o(.data)
    TxBytesSent                              0x2000001e   Data           1  sx1276-fsk.o(.data)
    RxGain                                   0x2000001f   Data           1  sx1276-fsk.o(.data)
    opModePrev                               0x20000020   Data           1  sx1276-fsk.o(.data)
    antennaSwitchTxOnPrev                    0x20000021   Data           1  sx1276-fsk.o(.data)
    RxPacketSize                             0x20000022   Data           2  sx1276-fsk.o(.data)
    TxPacketSize                             0x20000024   Data           2  sx1276-fsk.o(.data)
    RxTimeoutTimer                           0x20000028   Data           4  sx1276-fsk.o(.data)
    Preamble2SyncTimer                       0x2000002c   Data           4  sx1276-fsk.o(.data)
    TxTimeoutTimer                           0x20000030   Data           4  sx1276-fsk.o(.data)
    PacketTimeout                            0x20000038   Data           4  sx1276-fsk.o(.data)
    Preamble2SyncTimeout                     0x2000003c   Data           4  sx1276-fsk.o(.data)
    RxPacketAfcValue                         0x20000040   Data           4  sx1276-fsk.o(.data)
    RxPacketRssiValue                        0x20000048   Data           8  sx1276-fsk.o(.data)
    .data                                    0x20000070   Section       60  sx1276-lora.o(.data)
    RxGain                                   0x20000071   Data           1  sx1276-lora.o(.data)
    opModePrev                               0x20000072   Data           1  sx1276-lora.o(.data)
    antennaSwitchTxOnPrev                    0x20000073   Data           1  sx1276-lora.o(.data)
    RxPacketSnrEstimate                      0x20000074   Data           1  sx1276-lora.o(.data)
    RxPacketSize                             0x20000076   Data           2  sx1276-lora.o(.data)
    TxPacketSize                             0x20000078   Data           2  sx1276-lora.o(.data)
    RxTimeoutTimer                           0x2000007c   Data           4  sx1276-lora.o(.data)
    PacketTimeout                            0x20000084   Data           4  sx1276-lora.o(.data)
    RxPacketRssiValue                        0x20000088   Data           8  sx1276-lora.o(.data)
    .data                                    0x200000ac   Section        8  main.o(.data)
    .data                                    0x200000b4   Section        8  stm32f0xx_it.o(.data)
    .bss                                     0x200000bc   Section       28  radio.o(.bss)
    .bss                                     0x200000d8   Section      112  sx1276.o(.bss)
    .bss                                     0x20000148   Section      100  sx1276-fsk.o(.bss)
    RFBuffer                                 0x20000148   Data         100  sx1276-fsk.o(.bss)
    .bss                                     0x200001ac   Section      100  sx1276-lora.o(.bss)
    RFBuffer                                 0x200001ac   Data         100  sx1276-lora.o(.bss)
    .bss                                     0x20000210   Section      200  main.o(.bss)
    STACK                                    0x200002d8   Section     1024  startup_stm32f030.o(STACK)

    Global Symbols

    Symbol Name                              Value     Ov Type        Size  Object(Section)

    BuildAttributes$$THM_ISAv3M$S$PE$A:L22$X:L11$S22$IEEE1$IW$USESV6$~STKCKD$USESV7$~SHL$OTIME$ROPI$IEEEX$EBA8$MICROLIB$REQ8$PRES8$EABIv2 0x00000000   Number         0  anon$$obj.o ABSOLUTE
    __ARM_use_no_argv                        0x00000000   Number         0  main.o ABSOLUTE
    __arm_fini_                               - Undefined Weak Reference
    __cpp_initialize__aeabi_                  - Undefined Weak Reference
    __cxa_finalize                            - Undefined Weak Reference
    __decompress                              - Undefined Weak Reference
    _clock_init                               - Undefined Weak Reference
    _microlib_exit                            - Undefined Weak Reference
    __Vectors_Size                           0x000000b4   Number         0  startup_stm32f030.o ABSOLUTE
    __Vectors                                0x08000000   Data           4  startup_stm32f030.o(RESET)
    __Vectors_End                            0x080000b4   Data           0  startup_stm32f030.o(RESET)
    __main                                   0x080000b5   Thumb Code     0  entry.o(.ARM.Collect$$$$00000000)
    _main_stk                                0x080000b5   Thumb Code     0  entry2.o(.ARM.Collect$$$$00000001)
    _main_scatterload                        0x080000b9   Thumb Code     0  entry5.o(.ARM.Collect$$$$00000004)
    __main_after_scatterload                 0x080000bd   Thumb Code     0  entry5.o(.ARM.Collect$$$$00000004)
    _main_clock                              0x080000bd   Thumb Code     0  entry7b.o(.ARM.Collect$$$$00000008)
    _main_cpp_init                           0x080000bd   Thumb Code     0  entry8b.o(.ARM.Collect$$$$0000000A)
    _main_init                               0x080000bd   Thumb Code     0  entry9a.o(.ARM.Collect$$$$0000000B)
    __rt_lib_shutdown_fini                   0x080000c5   Thumb Code     0  entry12b.o(.ARM.Collect$$$$0000000E)
    __rt_final_cpp                           0x080000c9   Thumb Code     0  entry10a.o(.ARM.Collect$$$$0000000F)
    __rt_final_exit                          0x080000c9   Thumb Code     0  entry11a.o(.ARM.Collect$$$$00000011)
    Reset_Handler                            0x080000cd   Thumb Code    38  startup_stm32f030.o(.text)
    DMA1_Channel1_IRQHandler                 0x080000fd   Thumb Code     0  startup_stm32f030.o(.text)
    DMA1_Channel2_3_IRQHandler               0x080000fd   Thumb Code     0  startup_stm32f030.o(.text)
    DMA1_Channel4_5_IRQHandler               0x080000fd   Thumb Code     0  startup_stm32f030.o(.text)
    EXTI2_3_IRQHandler                       0x080000fd   Thumb Code     0  startup_stm32f030.o(.text)
    EXTI4_15_IRQHandler                      0x080000fd   Thumb Code     0  startup_stm32f030.o(.text)
    FLASH_IRQHandler                         0x080000fd   Thumb Code     0  startup_stm32f030.o(.text)
    I2C1_IRQHandler                          0x080000fd   Thumb Code     0  startup_stm32f030.o(.text)
    I2C2_IRQHandler                          0x080000fd   Thumb Code     0  startup_stm32f030.o(.text)
    RCC_IRQHandler                           0x080000fd   Thumb Code     0  startup_stm32f030.o(.text)
    RTC_IRQHandler                           0x080000fd   Thumb Code     0  startup_stm32f030.o(.text)
    SPI1_IRQHandler                          0x080000fd   Thumb Code     0  startup_stm32f030.o(.text)
    TIM15_IRQHandler                         0x080000fd   Thumb Code     0  startup_stm32f030.o(.text)
    TIM16_IRQHandler                         0x080000fd   Thumb Code     0  startup_stm32f030.o(.text)
    TIM17_IRQHandler                         0x080000fd   Thumb Code     0  startup_stm32f030.o(.text)
    TIM1_BRK_UP_TRG_COM_IRQHandler           0x080000fd   Thumb Code     0  startup_stm32f030.o(.text)
    TIM1_CC_IRQHandler                       0x080000fd   Thumb Code     0  startup_stm32f030.o(.text)
    TIM3_IRQHandler                          0x080000fd   Thumb Code     0  startup_stm32f030.o(.text)
    USART2_IRQHandler                        0x080000fd   Thumb Code     0  startup_stm32f030.o(.text)
    WWDG_IRQHandler                          0x080000fd   Thumb Code     0  startup_stm32f030.o(.text)
    __aeabi_uidiv                            0x08000125   Thumb Code     0  uidiv.o(.text)
    __aeabi_uidivmod                         0x08000125   Thumb Code    44  uidiv.o(.text)
    __aeabi_memcpy                           0x08000151   Thumb Code    36  memcpya.o(.text)
    __aeabi_memcpy4                          0x08000151   Thumb Code     0  memcpya.o(.text)
    __aeabi_memcpy8                          0x08000151   Thumb Code     0  memcpya.o(.text)
    __aeabi_memset                           0x08000175   Thumb Code    14  memseta.o(.text)
    __aeabi_memset4                          0x08000175   Thumb Code     0  memseta.o(.text)
    __aeabi_memset8                          0x08000175   Thumb Code     0  memseta.o(.text)
    __aeabi_memclr                           0x08000183   Thumb Code     4  memseta.o(.text)
    __aeabi_memclr4                          0x08000183   Thumb Code     0  memseta.o(.text)
    __aeabi_memclr8                          0x08000183   Thumb Code     0  memseta.o(.text)
    _memset$wrapper                          0x08000187   Thumb Code    18  memseta.o(.text)
    strncmp                                  0x08000199   Thumb Code    30  strncmp.o(.text)
    __aeabi_dadd                             0x080001b9   Thumb Code   330  dadd.o(.text)
    __aeabi_dsub                             0x08000303   Thumb Code    12  dadd.o(.text)
    __aeabi_drsub                            0x0800030f   Thumb Code    12  dadd.o(.text)
    __aeabi_dmul                             0x08000321   Thumb Code   202  dmul.o(.text)
    __aeabi_ddiv                             0x080003f1   Thumb Code   234  ddiv.o(.text)
    __ARM_scalbn                             0x080004e1   Thumb Code    44  dscalb.o(.text)
    scalbn                                   0x080004e1   Thumb Code     0  dscalb.o(.text)
    __aeabi_i2d                              0x0800050d   Thumb Code    34  dflti.o(.text)
    __aeabi_ui2d                             0x08000535   Thumb Code    24  dfltui.o(.text)
    __aeabi_d2iz                             0x08000551   Thumb Code    62  dfixi.o(.text)
    __aeabi_d2uiz                            0x08000599   Thumb Code    50  dfixui.o(.text)
    __aeabi_cdcmpeq                          0x080005d5   Thumb Code     0  cdcmple.o(.text)
    __aeabi_cdcmple                          0x080005d5   Thumb Code    38  cdcmple.o(.text)
    __aeabi_llsl                             0x080005fd   Thumb Code    32  llshl.o(.text)
    _ll_shift_l                              0x080005fd   Thumb Code     0  llshl.o(.text)
    __aeabi_llsr                             0x0800061d   Thumb Code    34  llushr.o(.text)
    _ll_ushift_r                             0x0800061d   Thumb Code     0  llushr.o(.text)
    __aeabi_lasr                             0x0800063f   Thumb Code    38  llsshr.o(.text)
    _ll_sshift_r                             0x0800063f   Thumb Code     0  llsshr.o(.text)
    __I$use$fp                               0x08000665   Thumb Code     0  iusefp.o(.text)
    _double_round                            0x08000665   Thumb Code    26  depilogue.o(.text)
    _double_epilogue                         0x0800067f   Thumb Code   164  depilogue.o(.text)
    _drnd                                    0x08000725   Thumb Code   114  drnd.o(.text)
    __aeabi_cdrcmple                         0x080007a1   Thumb Code    38  cdrcmple.o(.text)
    __scatterload                            0x080007c9   Thumb Code    28  init.o(.text)
    __scatterload_rt2                        0x080007c9   Thumb Code     0  init.o(.text)
    ADC1_IRQHandler                          0x080007ed   Thumb Code     2  stm32f0xx_it.o(i.ADC1_IRQHandler)
    ComputeCrc                               0x080007ef   Thumb Code    42  crc.o(i.ComputeCrc)
    EXTI0_1_IRQHandler                       0x08000819   Thumb Code    20  stm32f0xx_it.o(i.EXTI0_1_IRQHandler)
    EXTI_ClearITPendingBit                   0x0800082d   Thumb Code     6  stm32f0xx_exti.o(i.EXTI_ClearITPendingBit)
    EXTI_GetITStatus                         0x08000839   Thumb Code    16  stm32f0xx_exti.o(i.EXTI_GetITStatus)
    GPIO_Init                                0x0800084d   Thumb Code   112  stm32f0xx_gpio.o(i.GPIO_Init)
    GPIO_PinAFConfig                         0x080008bd   Thumb Code    32  stm32f0xx_gpio.o(i.GPIO_PinAFConfig)
    GPIO_ReadInputDataBit                    0x080008dd   Thumb Code    14  stm32f0xx_gpio.o(i.GPIO_ReadInputDataBit)
    GPIO_SetBits                             0x080008eb   Thumb Code     4  stm32f0xx_gpio.o(i.GPIO_SetBits)
    GPIO_WriteBit                            0x080008ef   Thumb Code    12  stm32f0xx_gpio.o(i.GPIO_WriteBit)
    GPIO_int                                 0x080008fd   Thumb Code   294  gpio.o(i.GPIO_int)
    HAL_Delay_nMs                            0x08000a29   Thumb Code    14  delay.o(i.HAL_Delay_nMs)
    HW_Int                                   0x08000a3d   Thumb Code    24  main.o(i.HW_Int)
    HardFault_Handler                        0x08000a55   Thumb Code     2  stm32f0xx_it.o(i.HardFault_Handler)
    LedToggle                                0x08000a57   Thumb Code    38  main.o(i.LedToggle)
    NMI_Handler                              0x08000a7d   Thumb Code     2  stm32f0xx_it.o(i.NMI_Handler)
    OnMaster                                 0x08000a81   Thumb Code   196  main.o(i.OnMaster)
    OnSlave                                  0x08000b51   Thumb Code   144  main.o(i.OnSlave)
    PendSV_Handler                           0x08000bed   Thumb Code     2  stm32f0xx_it.o(i.PendSV_Handler)
    RCC_AHBPeriphClockCmd                    0x08000bf1   Thumb Code    22  stm32f0xx_rcc.o(i.RCC_AHBPeriphClockCmd)
    RCC_APB1PeriphClockCmd                   0x08000c0d   Thumb Code    22  stm32f0xx_rcc.o(i.RCC_APB1PeriphClockCmd)
    RCC_APB2PeriphClockCmd                   0x08000c29   Thumb Code    22  stm32f0xx_rcc.o(i.RCC_APB2PeriphClockCmd)
    RCC_Configuration                        0x08000c45   Thumb Code    30  main.o(i.RCC_Configuration)
    RCC_GetFlagStatus                        0x08000c6d   Thumb Code    50  stm32f0xx_rcc.o(i.RCC_GetFlagStatus)
    RCC_PLLCmd                               0x08000ca5   Thumb Code    26  stm32f0xx_rcc.o(i.RCC_PLLCmd)
    RCC_PLLConfig                            0x08000cc5   Thumb Code    24  stm32f0xx_rcc.o(i.RCC_PLLConfig)
    RCC_SYSCLKConfig                         0x08000ce1   Thumb Code    14  stm32f0xx_rcc.o(i.RCC_SYSCLKConfig)
    RadioComputeCRC                          0x08000cf5   Thumb Code    60  crc.o(i.RadioComputeCRC)
    RadioDriverInit                          0x08000d41   Thumb Code    32  radio.o(i.RadioDriverInit)
    SPI2_IRQHandler                          0x08000d81   Thumb Code     2  stm32f0xx_it.o(i.SPI2_IRQHandler)
    SPI2_Int                                 0x08000d85   Thumb Code    72  spi.o(i.SPI2_Int)
    SPI_Cmd                                  0x08000dd1   Thumb Code    22  stm32f0xx_spi.o(i.SPI_Cmd)
    SPI_I2S_GetFlagStatus                    0x08000de7   Thumb Code    14  stm32f0xx_spi.o(i.SPI_I2S_GetFlagStatus)
    SPI_Init                                 0x08000df5   Thumb Code    74  stm32f0xx_spi.o(i.SPI_Init)
    SPI_ReceiveData8                         0x08000e49   Thumb Code     4  stm32f0xx_spi.o(i.SPI_ReceiveData8)
    SPI_RxFIFOThresholdConfig                0x08000e4d   Thumb Code    16  stm32f0xx_spi.o(i.SPI_RxFIFOThresholdConfig)
    SPI_SendData8                            0x08000e61   Thumb Code     4  stm32f0xx_spi.o(i.SPI_SendData8)
    SVC_Handler                              0x08000e65   Thumb Code     2  stm32f0xx_it.o(i.SVC_Handler)
    SX1276FskGetPacketPayloadSize            0x08000e69   Thumb Code    52  sx1276-fsk.o(i.SX1276FskGetPacketPayloadSize)
    SX1276FskGetRxPacket                     0x08000ea1   Thumb Code    22  sx1276-fsk.o(i.SX1276FskGetRxPacket)
    SX1276FskProcess                         0x08000ec1   Thumb Code   876  sx1276-fsk.o(i.SX1276FskProcess)
    SX1276FskReadAfc                         0x08001241   Thumb Code    44  sx1276-fsk.o(i.SX1276FskReadAfc)
    SX1276FskReadRssi                        0x08001275   Thumb Code    32  sx1276-fsk.o(i.SX1276FskReadRssi)
    SX1276FskReadRxGain                      0x0800129d   Thumb Code    22  sx1276-fsk.o(i.SX1276FskReadRxGain)
    SX1276FskSetOpMode                       0x080012b9   Thumb Code    60  sx1276-fsk.o(i.SX1276FskSetOpMode)
    SX1276FskSetRFState                      0x080012f9   Thumb Code     6  sx1276-fsk.o(i.SX1276FskSetRFState)
    SX1276FskSetTxPacket                     0x08001305   Thumb Code    22  sx1276-fsk.o(i.SX1276FskSetTxPacket)
    SX1276GetRxPacket                        0x08001325   Thumb Code    22  sx1276.o(i.SX1276GetRxPacket)
    SX1276Init                               0x08001341   Thumb Code    58  sx1276.o(i.SX1276Init)
    SX1276LoRaGetRxPacket                    0x0800138d   Thumb Code    28  sx1276-lora.o(i.SX1276LoRaGetRxPacket)
    SX1276LoRaInit                           0x080013b1   Thumb Code   154  sx1276-lora.o(i.SX1276LoRaInit)
    SX1276LoRaProcess                        0x0800145d   Thumb Code  1168  sx1276-lora.o(i.SX1276LoRaProcess)
    SX1276LoRaReadRxGain                     0x080018ed   Thumb Code    22  sx1276-lora.o(i.SX1276LoRaReadRxGain)
    SX1276LoRaSetDefaults                    0x08001909   Thumb Code    16  sx1276-lora.o(i.SX1276LoRaSetDefaults)
    SX1276LoRaSetErrorCoding                 0x0800191d   Thumb Code    44  sx1276-loramisc.o(i.SX1276LoRaSetErrorCoding)
    SX1276LoRaSetImplicitHeaderOn            0x08001951   Thumb Code    40  sx1276-loramisc.o(i.SX1276LoRaSetImplicitHeaderOn)
    SX1276LoRaSetLowDatarateOptimize         0x08001981   Thumb Code    40  sx1276-loramisc.o(i.SX1276LoRaSetLowDatarateOptimize)
    SX1276LoRaSetNbTrigPeaks                 0x080019ad   Thumb Code    38  sx1276-loramisc.o(i.SX1276LoRaSetNbTrigPeaks)
    SX1276LoRaSetOpMode                      0x080019d9   Thumb Code    60  sx1276-lora.o(i.SX1276LoRaSetOpMode)
    SX1276LoRaSetPAOutput                    0x08001a19   Thumb Code    36  sx1276-loramisc.o(i.SX1276LoRaSetPAOutput)
    SX1276LoRaSetPa20dBm                     0x08001a41   Thumb Code    64  sx1276-loramisc.o(i.SX1276LoRaSetPa20dBm)
    SX1276LoRaSetPacketCrcOn                 0x08001a85   Thumb Code    42  sx1276-loramisc.o(i.SX1276LoRaSetPacketCrcOn)
    SX1276LoRaSetPayloadLength               0x08001ab9   Thumb Code    28  sx1276-loramisc.o(i.SX1276LoRaSetPayloadLength)
    SX1276LoRaSetRFFrequency                 0x08001add   Thumb Code    48  sx1276-loramisc.o(i.SX1276LoRaSetRFFrequency)
    SX1276LoRaSetRFPower                     0x08001b19   Thumb Code   154  sx1276-loramisc.o(i.SX1276LoRaSetRFPower)
    SX1276LoRaSetRFState                     0x08001bbd   Thumb Code     6  sx1276-lora.o(i.SX1276LoRaSetRFState)
    SX1276LoRaSetSignalBandwidth             0x08001bc9   Thumb Code    44  sx1276-loramisc.o(i.SX1276LoRaSetSignalBandwidth)
    SX1276LoRaSetSpreadingFactor             0x08001bfd   Thumb Code    76  sx1276-loramisc.o(i.SX1276LoRaSetSpreadingFactor)
    SX1276LoRaSetSymbTimeout                 0x08001c51   Thumb Code    48  sx1276-loramisc.o(i.SX1276LoRaSetSymbTimeout)
    SX1276LoRaSetTxPacket                    0x08001c85   Thumb Code    22  sx1276-lora.o(i.SX1276LoRaSetTxPacket)
    SX1276Process                            0x08001ca5   Thumb Code    22  sx1276.o(i.SX1276Process)
    SX1276Read                               0x08001cc1   Thumb Code    10  sx1276-hal.o(i.SX1276Read)
    SX1276ReadBuffer                         0x08001ccd   Thumb Code    52  sx1276-hal.o(i.SX1276ReadBuffer)
    SX1276ReadDio0                           0x08001d09   Thumb Code    14  sx1276-hal.o(i.SX1276ReadDio0)
    SX1276ReadDio1                           0x08001d17   Thumb Code    14  sx1276-hal.o(i.SX1276ReadDio1)
    SX1276ReadDio2                           0x08001d25   Thumb Code    14  sx1276-hal.o(i.SX1276ReadDio2)
    SX1276ReadDio3                           0x08001d35   Thumb Code    12  sx1276-hal.o(i.SX1276ReadDio3)
    SX1276ReadDio4                           0x08001d45   Thumb Code     4  sx1276-hal.o(i.SX1276ReadDio4)
    SX1276ReadFifo                           0x08001d49   Thumb Code    14  sx1276-hal.o(i.SX1276ReadFifo)
    SX1276Reset                              0x08001d59   Thumb Code    36  sx1276.o(i.SX1276Reset)
    SX1276SetLoRaOn                          0x08001d81   Thumb Code   126  sx1276.o(i.SX1276SetLoRaOn)
    SX1276SetReset                           0x08001e0d   Thumb Code    32  sx1276-hal.o(i.SX1276SetReset)
    SX1276SetTxPacket                        0x08001e31   Thumb Code    22  sx1276.o(i.SX1276SetTxPacket)
    SX1276StartRx                            0x08001e4d   Thumb Code    26  sx1276.o(i.SX1276StartRx)
    SX1276StartTx                            0x08001e6d   Thumb Code    26  sx1276.o(i.SX1276StartTx)
    SX1276Write                              0x08001e8d   Thumb Code    12  sx1276-hal.o(i.SX1276Write)
    SX1276WriteBuffer                        0x08001e99   Thumb Code    52  sx1276-hal.o(i.SX1276WriteBuffer)
    SX1276WriteFifo                          0x08001ed5   Thumb Code    14  sx1276-hal.o(i.SX1276WriteFifo)
    SX1276WriteRxTx                          0x08001ee3   Thumb Code     2  sx1276-hal.o(i.SX1276WriteRxTx)
    SpiInputOutput_Data                      0x08001f81   Thumb Code    46  spi.o(i.SpiInputOutput_Data)
    SpiReadData                              0x08001fb1   Thumb Code    34  sx1276-hal.o(i.SpiReadData)
    SpiWriteData                             0x08001fd9   Thumb Code    30  sx1276-hal.o(i.SpiWriteData)
    SysClock_48                              0x08001ffd   Thumb Code    42  main.o(i.SysClock_48)
    SysTick_Handler                          0x08002029   Thumb Code    16  stm32f0xx_it.o(i.SysTick_Handler)
    SystemInit                               0x0800203d   Thumb Code    84  system_stm32f0xx.o(i.SystemInit)
    TIM14_IRQHandler                         0x0800209d   Thumb Code    26  stm32f0xx_it.o(i.TIM14_IRQHandler)
    TIM_ClearITPendingBit                    0x080020bd   Thumb Code     6  stm32f0xx_tim.o(i.TIM_ClearITPendingBit)
    TIM_GetITStatus                          0x080020c3   Thumb Code    24  stm32f0xx_tim.o(i.TIM_GetITStatus)
    Tick_Configration                        0x080020dd   Thumb Code    60  main.o(i.Tick_Configration)
    USART1_IRQHandler                        0x08002129   Thumb Code     2  stm32f0xx_it.o(i.USART1_IRQHandler)
    __ARM_clz                                0x0800212b   Thumb Code    46  depilogue.o(i.__ARM_clz)
    __ARM_common_switch8                     0x08002159   Thumb Code    26  sx1276-fsk.o(i.__ARM_common_switch8)
    __scatterload_copy                       0x08002173   Thumb Code    14  handlers.o(i.__scatterload_copy)
    __scatterload_null                       0x08002181   Thumb Code     2  handlers.o(i.__scatterload_null)
    __scatterload_zeroinit                   0x08002183   Thumb Code    14  handlers.o(i.__scatterload_zeroinit)
    main                                     0x08002191   Thumb Code   112  main.o(i.main)
    round                                    0x08002209   Thumb Code   142  round.o(i.round)
    HoppingFrequencies                       0x080022a4   Data         204  sx1276-lora.o(.constdata)
    PingMsg                                  0x08002370   Data           5  main.o(.constdata)
    PongMsg                                  0x08002375   Data           5  main.o(.constdata)
    Region$$Table$$Base                      0x0800237c   Number         0  anon$$obj.o(Region$$Table)
    Region$$Table$$Limit                     0x0800239c   Number         0  anon$$obj.o(Region$$Table)
    SystemCoreClock                          0x20000000   Data           4  system_stm32f0xx.o(.data)
    AHBPrescTable                            0x20000004   Data          16  system_stm32f0xx.o(.data)
    SX1276                                   0x20000034   Data           4  sx1276-fsk.o(.data)
    FskSettings                              0x20000050   Data          28  sx1276-fsk.o(.data)
    RFLRState                                0x20000070   Data           1  sx1276-lora.o(.data)
    SX1276LR                                 0x20000080   Data           4  sx1276-lora.o(.data)
    LoRaSettings                             0x20000090   Data          28  sx1276-lora.o(.data)
    num_rx                                   0x200000ac   Data           2  main.o(.data)
    crc_value                                0x200000ae   Data           2  main.o(.data)
    Radio                                    0x200000b0   Data           4  main.o(.data)
    TickCounter                              0x200000b4   Data           4  stm32f0xx_it.o(.data)
    ticktimer                                0x200000b8   Data           4  stm32f0xx_it.o(.data)
    RadioDriver                              0x200000bc   Data          28  radio.o(.bss)
    SX1276Regs                               0x200000d8   Data         112  sx1276.o(.bss)
    RXBuffer                                 0x20000210   Data         100  main.o(.bss)
    TXBuffer                                 0x20000274   Data         100  main.o(.bss)
    __initial_sp                             0x200006d8   Data           0  startup_stm32f030.o(STACK)



==============================================================================

Memory Map of the image

  Image Entry point : 0x080000b5

  Load Region LR_IROM1 (Base: 0x08000000, Size: 0x00002458, Max: 0x00010000, ABSOLUTE)

    Execution Region ER_IROM1 (Exec base: 0x08000000, Load base: 0x08000000, Size: 0x0000239c, Max: 0x00010000, ABSOLUTE)

    Exec Addr    Load Addr    Size         Type   Attr      Idx    E Section Name        Object

    0x08000000   0x08000000   0x000000b4   Data   RO            3    RESET               startup_stm32f030.o
    0x080000b4   0x080000b4   0x00000000   Code   RO         5186  * .ARM.Collect$$$$00000000  mc_p.l(entry.o)
    0x080000b4   0x080000b4   0x00000004   Code   RO         5244    .ARM.Collect$$$$00000001  mc_p.l(entry2.o)
    0x080000b8   0x080000b8   0x00000004   Code   RO         5247    .ARM.Collect$$$$00000004  mc_p.l(entry5.o)
    0x080000bc   0x080000bc   0x00000000   Code   RO         5249    .ARM.Collect$$$$00000008  mc_p.l(entry7b.o)
    0x080000bc   0x080000bc   0x00000000   Code   RO         5251    .ARM.Collect$$$$0000000A  mc_p.l(entry8b.o)
    0x080000bc   0x080000bc   0x00000008   Code   RO         5252    .ARM.Collect$$$$0000000B  mc_p.l(entry9a.o)
    0x080000c4   0x080000c4   0x00000004   Code   RO         5259    .ARM.Collect$$$$0000000E  mc_p.l(entry12b.o)
    0x080000c8   0x080000c8   0x00000000   Code   RO         5254    .ARM.Collect$$$$0000000F  mc_p.l(entry10a.o)
    0x080000c8   0x080000c8   0x00000000   Code   RO         5256    .ARM.Collect$$$$00000011  mc_p.l(entry11a.o)
    0x080000c8   0x080000c8   0x00000004   Code   RO         5245    .ARM.Collect$$$$00002712  mc_p.l(entry2.o)
    0x080000cc   0x080000cc   0x00000058   Code   RO            4    .text               startup_stm32f030.o
    0x08000124   0x08000124   0x0000002c   Code   RO         5189    .text               mc_p.l(uidiv.o)
    0x08000150   0x08000150   0x00000024   Code   RO         5191    .text               mc_p.l(memcpya.o)
    0x08000174   0x08000174   0x00000024   Code   RO         5193    .text               mc_p.l(memseta.o)
    0x08000198   0x08000198   0x0000001e   Code   RO         5195    .text               mc_p.l(strncmp.o)
    0x080001b6   0x080001b6   0x00000002   PAD
    0x080001b8   0x080001b8   0x00000168   Code   RO         5199    .text               mf_p.l(dadd.o)
    0x08000320   0x08000320   0x000000d0   Code   RO         5201    .text               mf_p.l(dmul.o)
    0x080003f0   0x080003f0   0x000000f0   Code   RO         5203    .text               mf_p.l(ddiv.o)
    0x080004e0   0x080004e0   0x0000002c   Code   RO         5205    .text               mf_p.l(dscalb.o)
    0x0800050c   0x0800050c   0x00000028   Code   RO         5207    .text               mf_p.l(dflti.o)
    0x08000534   0x08000534   0x0000001c   Code   RO         5209    .text               mf_p.l(dfltui.o)
    0x08000550   0x08000550   0x00000048   Code   RO         5211    .text               mf_p.l(dfixi.o)
    0x08000598   0x08000598   0x0000003c   Code   RO         5213    .text               mf_p.l(dfixui.o)
    0x080005d4   0x080005d4   0x00000028   Code   RO         5215    .text               mf_p.l(cdcmple.o)
    0x080005fc   0x080005fc   0x00000020   Code   RO         5260    .text               mc_p.l(llshl.o)
    0x0800061c   0x0800061c   0x00000022   Code   RO         5262    .text               mc_p.l(llushr.o)
    0x0800063e   0x0800063e   0x00000026   Code   RO         5264    .text               mc_p.l(llsshr.o)
    0x08000664   0x08000664   0x00000000   Code   RO         5273    .text               mc_p.l(iusefp.o)
    0x08000664   0x08000664   0x000000be   Code   RO         5274    .text               mf_p.l(depilogue.o)
    0x08000722   0x08000722   0x00000002   PAD
    0x08000724   0x08000724   0x0000007c   Code   RO         5278    .text               mf_p.l(drnd.o)
    0x080007a0   0x080007a0   0x00000028   Code   RO         5280    .text               mf_p.l(cdrcmple.o)
    0x080007c8   0x080007c8   0x00000024   Code   RO         5282    .text               mc_p.l(init.o)
    0x080007ec   0x080007ec   0x00000002   Code   RO         5062    i.ADC1_IRQHandler   stm32f0xx_it.o
    0x080007ee   0x080007ee   0x0000002a   Code   RO          135    i.ComputeCrc        crc.o
    0x08000818   0x08000818   0x00000014   Code   RO         5063    i.EXTI0_1_IRQHandler  stm32f0xx_it.o
    0x0800082c   0x0800082c   0x0000000c   Code   RO         2261    i.EXTI_ClearITPendingBit  stm32f0xx_exti.o
    0x08000838   0x08000838   0x00000014   Code   RO         2265    i.EXTI_GetITStatus  stm32f0xx_exti.o
    0x0800084c   0x0800084c   0x00000070   Code   RO         2523    i.GPIO_Init         stm32f0xx_gpio.o
    0x080008bc   0x080008bc   0x00000020   Code   RO         2524    i.GPIO_PinAFConfig  stm32f0xx_gpio.o
    0x080008dc   0x080008dc   0x0000000e   Code   RO         2527    i.GPIO_ReadInputDataBit  stm32f0xx_gpio.o
    0x080008ea   0x080008ea   0x00000004   Code   RO         2531    i.GPIO_SetBits      stm32f0xx_gpio.o
    0x080008ee   0x080008ee   0x0000000c   Code   RO         2534    i.GPIO_WriteBit     stm32f0xx_gpio.o
    0x080008fa   0x080008fa   0x00000002   PAD
    0x080008fc   0x080008fc   0x0000012c   Code   RO         4846    i.GPIO_int          gpio.o
    0x08000a28   0x08000a28   0x00000014   Code   RO         5148    i.HAL_Delay_nMs     delay.o
    0x08000a3c   0x08000a3c   0x00000018   Code   RO         4926    i.HW_Int            main.o
    0x08000a54   0x08000a54   0x00000002   Code   RO         5064    i.HardFault_Handler  stm32f0xx_it.o
    0x08000a56   0x08000a56   0x00000026   Code   RO         4927    i.LedToggle         main.o
    0x08000a7c   0x08000a7c   0x00000002   Code   RO         5065    i.NMI_Handler       stm32f0xx_it.o
    0x08000a7e   0x08000a7e   0x00000002   PAD
    0x08000a80   0x08000a80   0x000000d0   Code   RO         4929    i.OnMaster          main.o
    0x08000b50   0x08000b50   0x0000009c   Code   RO         4930    i.OnSlave           main.o
    0x08000bec   0x08000bec   0x00000002   Code   RO         5066    i.PendSV_Handler    stm32f0xx_it.o
    0x08000bee   0x08000bee   0x00000002   PAD
    0x08000bf0   0x08000bf0   0x0000001c   Code   RO         3043    i.RCC_AHBPeriphClockCmd  stm32f0xx_rcc.o
    0x08000c0c   0x08000c0c   0x0000001c   Code   RO         3045    i.RCC_APB1PeriphClockCmd  stm32f0xx_rcc.o
    0x08000c28   0x08000c28   0x0000001c   Code   RO         3047    i.RCC_APB2PeriphClockCmd  stm32f0xx_rcc.o
    0x08000c44   0x08000c44   0x00000028   Code   RO         4931    i.RCC_Configuration  main.o
    0x08000c6c   0x08000c6c   0x00000038   Code   RO         3058    i.RCC_GetFlagStatus  stm32f0xx_rcc.o
    0x08000ca4   0x08000ca4   0x00000020   Code   RO         3074    i.RCC_PLLCmd        stm32f0xx_rcc.o
    0x08000cc4   0x08000cc4   0x0000001c   Code   RO         3075    i.RCC_PLLConfig     stm32f0xx_rcc.o
    0x08000ce0   0x08000ce0   0x00000014   Code   RO         3079    i.RCC_SYSCLKConfig  stm32f0xx_rcc.o
    0x08000cf4   0x08000cf4   0x0000004c   Code   RO          136    i.RadioComputeCRC   crc.o
    0x08000d40   0x08000d40   0x00000040   Code   RO          223    i.RadioDriverInit   radio.o
    0x08000d80   0x08000d80   0x00000002   Code   RO         5067    i.SPI2_IRQHandler   stm32f0xx_it.o
    0x08000d82   0x08000d82   0x00000002   PAD
    0x08000d84   0x08000d84   0x0000004c   Code   RO         5036    i.SPI2_Int          spi.o
    0x08000dd0   0x08000dd0   0x00000016   Code   RO         3640    i.SPI_Cmd           stm32f0xx_spi.o
    0x08000de6   0x08000de6   0x0000000e   Code   RO         3649    i.SPI_I2S_GetFlagStatus  stm32f0xx_spi.o
    0x08000df4   0x08000df4   0x00000054   Code   RO         3654    i.SPI_Init          stm32f0xx_spi.o
    0x08000e48   0x08000e48   0x00000004   Code   RO         3658    i.SPI_ReceiveData8  stm32f0xx_spi.o
    0x08000e4c   0x08000e4c   0x00000014   Code   RO         3659    i.SPI_RxFIFOThresholdConfig  stm32f0xx_spi.o
    0x08000e60   0x08000e60   0x00000004   Code   RO         3661    i.SPI_SendData8     stm32f0xx_spi.o
    0x08000e64   0x08000e64   0x00000002   Code   RO         5068    i.SVC_Handler       stm32f0xx_it.o
    0x08000e66   0x08000e66   0x00000002   PAD
    0x08000e68   0x08000e68   0x00000038   Code   RO          432    i.SX1276FskGetPacketPayloadSize  sx1276-fsk.o
    0x08000ea0   0x08000ea0   0x00000020   Code   RO          436    i.SX1276FskGetRxPacket  sx1276-fsk.o
    0x08000ec0   0x08000ec0   0x00000380   Code   RO          438    i.SX1276FskProcess  sx1276-fsk.o
    0x08001240   0x08001240   0x00000034   Code   RO          439    i.SX1276FskReadAfc  sx1276-fsk.o
    0x08001274   0x08001274   0x00000028   Code   RO          441    i.SX1276FskReadRssi  sx1276-fsk.o
    0x0800129c   0x0800129c   0x0000001c   Code   RO          442    i.SX1276FskReadRxGain  sx1276-fsk.o
    0x080012b8   0x080012b8   0x00000040   Code   RO          444    i.SX1276FskSetOpMode  sx1276-fsk.o
    0x080012f8   0x080012f8   0x0000000c   Code   RO          445    i.SX1276FskSetRFState  sx1276-fsk.o
    0x08001304   0x08001304   0x00000020   Code   RO          446    i.SX1276FskSetTxPacket  sx1276-fsk.o
    0x08001324   0x08001324   0x0000001c   Code   RO          270    i.SX1276GetRxPacket  sx1276.o
    0x08001340   0x08001340   0x0000004c   Code   RO          271    i.SX1276Init        sx1276.o
    0x0800138c   0x0800138c   0x00000024   Code   RO          884    i.SX1276LoRaGetRxPacket  sx1276-lora.o
    0x080013b0   0x080013b0   0x000000ac   Code   RO          885    i.SX1276LoRaInit    sx1276-lora.o
    0x0800145c   0x0800145c   0x00000490   Code   RO          886    i.SX1276LoRaProcess  sx1276-lora.o
    0x080018ec   0x080018ec   0x0000001c   Code   RO          888    i.SX1276LoRaReadRxGain  sx1276-lora.o
    0x08001908   0x08001908   0x00000014   Code   RO          890    i.SX1276LoRaSetDefaults  sx1276-lora.o
    0x0800191c   0x0800191c   0x00000034   Code   RO         1024    i.SX1276LoRaSetErrorCoding  sx1276-loramisc.o
    0x08001950   0x08001950   0x00000030   Code   RO         1027    i.SX1276LoRaSetImplicitHeaderOn  sx1276-loramisc.o
    0x08001980   0x08001980   0x0000002c   Code   RO         1028    i.SX1276LoRaSetLowDatarateOptimize  sx1276-loramisc.o
    0x080019ac   0x080019ac   0x0000002c   Code   RO         1029    i.SX1276LoRaSetNbTrigPeaks  sx1276-loramisc.o
    0x080019d8   0x080019d8   0x00000040   Code   RO          891    i.SX1276LoRaSetOpMode  sx1276-lora.o
    0x08001a18   0x08001a18   0x00000028   Code   RO         1030    i.SX1276LoRaSetPAOutput  sx1276-loramisc.o
    0x08001a40   0x08001a40   0x00000044   Code   RO         1031    i.SX1276LoRaSetPa20dBm  sx1276-loramisc.o
    0x08001a84   0x08001a84   0x00000034   Code   RO         1033    i.SX1276LoRaSetPacketCrcOn  sx1276-loramisc.o
    0x08001ab8   0x08001ab8   0x00000024   Code   RO         1034    i.SX1276LoRaSetPayloadLength  sx1276-loramisc.o
    0x08001adc   0x08001adc   0x0000003c   Code   RO         1036    i.SX1276LoRaSetRFFrequency  sx1276-loramisc.o
    0x08001b18   0x08001b18   0x000000a4   Code   RO         1037    i.SX1276LoRaSetRFPower  sx1276-loramisc.o
    0x08001bbc   0x08001bbc   0x0000000c   Code   RO          892    i.SX1276LoRaSetRFState  sx1276-lora.o
    0x08001bc8   0x08001bc8   0x00000034   Code   RO         1040    i.SX1276LoRaSetSignalBandwidth  sx1276-loramisc.o
    0x08001bfc   0x08001bfc   0x00000054   Code   RO         1041    i.SX1276LoRaSetSpreadingFactor  sx1276-loramisc.o
    0x08001c50   0x08001c50   0x00000034   Code   RO         1042    i.SX1276LoRaSetSymbTimeout  sx1276-loramisc.o
    0x08001c84   0x08001c84   0x00000020   Code   RO          893    i.SX1276LoRaSetTxPacket  sx1276-lora.o
    0x08001ca4   0x08001ca4   0x0000001c   Code   RO          272    i.SX1276Process     sx1276.o
    0x08001cc0   0x08001cc0   0x0000000a   Code   RO          763    i.SX1276Read        sx1276-hal.o
    0x08001cca   0x08001cca   0x00000002   PAD
    0x08001ccc   0x08001ccc   0x0000003c   Code   RO          764    i.SX1276ReadBuffer  sx1276-hal.o
    0x08001d08   0x08001d08   0x0000000e   Code   RO          765    i.SX1276ReadDio0    sx1276-hal.o
    0x08001d16   0x08001d16   0x0000000e   Code   RO          766    i.SX1276ReadDio1    sx1276-hal.o
    0x08001d24   0x08001d24   0x0000000e   Code   RO          767    i.SX1276ReadDio2    sx1276-hal.o
    0x08001d32   0x08001d32   0x00000002   PAD
    0x08001d34   0x08001d34   0x00000010   Code   RO          768    i.SX1276ReadDio3    sx1276-hal.o
    0x08001d44   0x08001d44   0x00000004   Code   RO          769    i.SX1276ReadDio4    sx1276-hal.o
    0x08001d48   0x08001d48   0x0000000e   Code   RO          771    i.SX1276ReadFifo    sx1276-hal.o
    0x08001d56   0x08001d56   0x00000002   PAD
    0x08001d58   0x08001d58   0x00000028   Code   RO          275    i.SX1276Reset       sx1276.o
    0x08001d80   0x08001d80   0x0000008c   Code   RO          276    i.SX1276SetLoRaOn   sx1276.o
    0x08001e0c   0x08001e0c   0x00000024   Code   RO          772    i.SX1276SetReset    sx1276-hal.o
    0x08001e30   0x08001e30   0x0000001c   Code   RO          279    i.SX1276SetTxPacket  sx1276.o
    0x08001e4c   0x08001e4c   0x00000020   Code   RO          280    i.SX1276StartRx     sx1276.o
    0x08001e6c   0x08001e6c   0x00000020   Code   RO          281    i.SX1276StartTx     sx1276.o
    0x08001e8c   0x08001e8c   0x0000000c   Code   RO          773    i.SX1276Write       sx1276-hal.o
    0x08001e98   0x08001e98   0x0000003c   Code   RO          774    i.SX1276WriteBuffer  sx1276-hal.o
    0x08001ed4   0x08001ed4   0x0000000e   Code   RO          775    i.SX1276WriteFifo   sx1276-hal.o
    0x08001ee2   0x08001ee2   0x00000002   Code   RO          776    i.SX1276WriteRxTx   sx1276-hal.o
    0x08001ee4   0x08001ee4   0x0000009c   Code   RO           12    i.SetSysClock       system_stm32f0xx.o
    0x08001f80   0x08001f80   0x0000002e   Code   RO         5037    i.SpiInputOutput_Data  spi.o
    0x08001fae   0x08001fae   0x00000002   PAD
    0x08001fb0   0x08001fb0   0x00000028   Code   RO          777    i.SpiReadData       sx1276-hal.o
    0x08001fd8   0x08001fd8   0x00000024   Code   RO          778    i.SpiWriteData      sx1276-hal.o
    0x08001ffc   0x08001ffc   0x0000002a   Code   RO         4932    i.SysClock_48       main.o
    0x08002026   0x08002026   0x00000002   PAD
    0x08002028   0x08002028   0x00000014   Code   RO         5069    i.SysTick_Handler   stm32f0xx_it.o
    0x0800203c   0x0800203c   0x00000060   Code   RO           14    i.SystemInit        system_stm32f0xx.o
    0x0800209c   0x0800209c   0x00000020   Code   RO         5070    i.TIM14_IRQHandler  stm32f0xx_it.o
    0x080020bc   0x080020bc   0x00000006   Code   RO         3919    i.TIM_ClearITPendingBit  stm32f0xx_tim.o
    0x080020c2   0x080020c2   0x00000018   Code   RO         3945    i.TIM_GetITStatus   stm32f0xx_tim.o
    0x080020da   0x080020da   0x00000002   PAD
    0x080020dc   0x080020dc   0x0000004c   Code   RO         4933    i.Tick_Configration  main.o
    0x08002128   0x08002128   0x00000002   Code   RO         5071    i.USART1_IRQHandler  stm32f0xx_it.o
    0x0800212a   0x0800212a   0x0000002e   Code   RO         5276    i.__ARM_clz         mf_p.l(depilogue.o)
    0x08002158   0x08002158   0x0000001a   Code   RO          556    i.__ARM_common_switch8  sx1276-fsk.o
    0x08002172   0x08002172   0x0000000e   Code   RO         5288    i.__scatterload_copy  mc_p.l(handlers.o)
    0x08002180   0x08002180   0x00000002   Code   RO         5289    i.__scatterload_null  mc_p.l(handlers.o)
    0x08002182   0x08002182   0x0000000e   Code   RO         5290    i.__scatterload_zeroinit  mc_p.l(handlers.o)
    0x08002190   0x08002190   0x00000078   Code   RO         4934    i.main              main.o
    0x08002208   0x08002208   0x0000009c   Code   RO         5184    i.round             m_ps.l(round.o)
    0x080022a4   0x080022a4   0x000000cc   Data   RO          896    .constdata          sx1276-lora.o
    0x08002370   0x08002370   0x0000000a   Data   RO         4936    .constdata          main.o
    0x0800237a   0x0800237a   0x00000002   PAD
    0x0800237c   0x0800237c   0x00000020   Data   RO         5286    Region$$Table       anon$$obj.o


    Execution Region RW_IRAM1 (Exec base: 0x20000000, Load base: 0x0800239c, Size: 0x000006d8, Max: 0x00002000, ABSOLUTE)

    Exec Addr    Load Addr    Size         Type   Attr      Idx    E Section Name        Object

    0x20000000   0x0800239c   0x00000014   Data   RW           15    .data               system_stm32f0xx.o
    0x20000014   0x080023b0   0x00000002   Data   RW          283    .data               sx1276.o
    0x20000016   0x080023b2   0x00000002   PAD
    0x20000018   0x080023b4   0x00000054   Data   RW          449    .data               sx1276-fsk.o
    0x2000006c   0x08002408   0x00000004   PAD
    0x20000070   0x0800240c   0x0000003c   Data   RW          897    .data               sx1276-lora.o
    0x200000ac   0x08002448   0x00000008   Data   RW         4937    .data               main.o
    0x200000b4   0x08002450   0x00000008   Data   RW         5072    .data               stm32f0xx_it.o
    0x200000bc        -       0x0000001c   Zero   RW          224    .bss                radio.o
    0x200000d8        -       0x00000070   Zero   RW          282    .bss                sx1276.o
    0x20000148        -       0x00000064   Zero   RW          448    .bss                sx1276-fsk.o
    0x200001ac        -       0x00000064   Zero   RW          895    .bss                sx1276-lora.o
    0x20000210        -       0x000000c8   Zero   RW         4935    .bss                main.o
    0x200002d8        -       0x00000400   Zero   RW            1    STACK               startup_stm32f030.o


==============================================================================

Image component sizes


      Code (inc. data)   RO Data    RW Data    ZI Data      Debug   Object Name

       118         16          0          0          0       1807   crc.o
        20          6          0          0          0        492   delay.o
       300          6          0          0          0     163091   gpio.o
       704         58         10          8        200      11626   main.o
        64         32          0          0         28       1560   radio.o
       122          4          0          0          0       1473   spi.o
        88         38        180          0       1024        796   startup_stm32f030.o
        32         10          0          0          0       1260   stm32f0xx_exti.o
       174          0          0          0          0       3978   stm32f0xx_gpio.o
        86         10          0          8          0       5159   stm32f0xx_it.o
       220         40          0          0          0       4646   stm32f0xx_rcc.o
       148         14          0          0          0       4596   stm32f0xx_spi.o
        30          0          0          0          0       2034   stm32f0xx_tim.o
      1238         90          0         84        100      34730   sx1276-fsk.o
       346         36          0          0          0       8882   sx1276-hal.o
      1532        108        204         60        100      21550   sx1276-lora.o
       796         94          0          0          0       7787   sx1276-loramisc.o
       404         66          0          2        112      32905   sx1276.o
       252         20          0         20          0     197989   system_stm32f0xx.o

    ----------------------------------------------------------------------
      6696        648        428        188       1564     506361   Object Totals
         0          0         32          0          0          0   (incl. Generated)
        22          0          2          6          0          0   (incl. Padding)

    ----------------------------------------------------------------------

      Code (inc. data)   RO Data    RW Data    ZI Data      Debug   Library Member Name

       156         14          0          0          0         84   round.o
         0          0          0          0          0          0   entry.o
         0          0          0          0          0          0   entry10a.o
         0          0          0          0          0          0   entry11a.o
         4          0          0          0          0          0   entry12b.o
         8          4          0          0          0          0   entry2.o
         4          0          0          0          0          0   entry5.o
         0          0          0          0          0          0   entry7b.o
         0          0          0          0          0          0   entry8b.o
         8          4          0          0          0          0   entry9a.o
        30          0          0          0          0          0   handlers.o
        36          8          0          0          0         68   init.o
         0          0          0          0          0          0   iusefp.o
        32          0          0          0          0         68   llshl.o
        38          0          0          0          0         68   llsshr.o
        34          0          0          0          0         68   llushr.o
        36          0          0          0          0         60   memcpya.o
        36          0          0          0          0        100   memseta.o
        30          0          0          0          0         72   strncmp.o
        44          0          0          0          0         72   uidiv.o
        40          2          0          0          0         68   cdcmple.o
        40          2          0          0          0         68   cdrcmple.o
       360          6          0          0          0        140   dadd.o
       240          6          0          0          0         84   ddiv.o
       236          0          0          0          0        216   depilogue.o
        72         10          0          0          0         72   dfixi.o
        60         10          0          0          0         68   dfixui.o
        40          6          0          0          0         68   dflti.o
        28          4          0          0          0         68   dfltui.o
       208          6          0          0          0         88   dmul.o
       124         10          0          0          0         76   drnd.o
        44          0          0          0          0         72   dscalb.o

    ----------------------------------------------------------------------
      1992         92          0          0          0       1748   Library Totals
         4          0          0          0          0          0   (incl. Padding)

    ----------------------------------------------------------------------

      Code (inc. data)   RO Data    RW Data    ZI Data      Debug   Library Name

       156         14          0          0          0         84   m_ps.l
       340         16          0          0          0        576   mc_p.l
      1492         62          0          0          0       1088   mf_p.l

    ----------------------------------------------------------------------
      1992         92          0          0          0       1748   Library Totals

    ----------------------------------------------------------------------

==============================================================================


      Code (inc. data)   RO Data    RW Data    ZI Data      Debug   

      8688        740        428        188       1564     503009   Grand Totals
      8688        740        428        188       1564     503009   ELF Image Totals
      8688        740        428        188          0          0   ROM Totals

==============================================================================

    Total RO  Size (Code + RO Data)                 9116 (   8.90kB)
    Total RW  Size (RW Data + ZI Data)              1752 (   1.71kB)
    Total ROM Size (Code + RO Data + RW Data)       9304 (   9.09kB)

==============================================================================

